<html>
<body>
<pre>
<h1>µVision Build Log</h1>
<h2>Tool Versions:</h2>
IDE-Version: ¦ÌVision V5.37.0.0
Copyright (C) 2022 ARM Ltd and ARM Germany GmbH. All rights reserved.
License Information: yang bo, wjx, LIC=KRMW3-AIFPB-45KT5-GTJ14-SQ46U-QL04Y
 
Tool Versions:
Toolchain:       MDK-ARM Plus  Version: 5.37.0.0
Toolchain Path:  C:\Keil_v5\ARM\ARM_Compiler_5.06u7\Bin
C Compiler:      Armcc.exe V5.06 update 7 (build 960)
Assembler:       Armasm.exe V5.06 update 7 (build 960)
Linker/Locator:  ArmLink.exe V5.06 update 7 (build 960)
Library Manager: ArmAr.exe V5.06 update 7 (build 960)
Hex Converter:   FromElf.exe V5.06 update 7 (build 960)
CPU DLL:         SARMCM3.DLL V5.37.0.0
Dialog DLL:      DCM.DLL V1.17.5.0
Target DLL:      UL2CM3.DLL V1.164.7.0
Dialog DLL:      TCM.DLL V1.56.1.0
 
<h2>Project:</h2>
C:\ble\nRF5_SDK_17.1.0_ddde560\examples\ble_peripheral\ble_app_hids_keyboard\pca10040e\s112\arm5_no_packs\ble_app_hids_keyboard_pca10040e_s112.uvprojx
Project File Date:  08/19/2022

<h2>Output:</h2>
*** Using Compiler 'V5.06 update 7 (build 960)', folder: 'C:\Keil_v5\ARM\ARM_Compiler_5.06u7\Bin'
Build target 'nrf52810_xxaa'
compiling utf.c...
compiling auth_status_tracker.c...
compiling ble_advdata.c...
compiling boards.c...
compiling ble_advertising.c...
compiling bsp.c...
compiling bsp_btn_ble.c...
compiling main.c...
compiling ble_conn_params.c...
compiling ble_srv_common.c...
compiling ble_link_ctx_manager.c...
compiling ble_conn_state.c...
compiling gatts_cache_manager.c...
compiling gatt_cache_manager.c...
compiling id_manager.c...
compiling nrf_ble_gatt.c...
compiling nrf_ble_qwr.c...
compiling peer_data_storage.c...
compiling peer_id.c...
compiling peer_database.c...
compiling pm_buffer.c...
compiling peer_manager.c...
compiling peer_manager_handler.c...
compiling security_dispatcher.c...
compiling ble_bas.c...
compiling ble_dis.c...
compiling security_manager.c...
compiling ble_hids.c...
compiling nrf_drv_clock.c...
compiling nrfx_atomic.c...
compiling nrf_drv_uart.c...
compiling app_error.c...
compiling nrfx_clock.c...
compiling nrfx_prs.c...
compiling nrfx_gpiote.c...
compiling nrfx_uart.c...
compiling nrfx_uarte.c...
compiling app_button.c...
compiling app_error_handler_keil.c...
compiling app_fifo.c...
compiling app_error_weak.c...
compiling app_util_platform.c...
compiling app_scheduler.c...
compiling crc16.c...
compiling nrf_assert.c...
compiling app_timer2.c...
compiling app_uart_fifo.c...
compiling hardfault_implementation.c...
compiling drv_rtc.c...
compiling fds.c...
compiling nrf_atfifo.c...
compiling nrf_atflags.c...
compiling nrf_fprintf.c...
compiling nrf_atomic.c...
compiling nrf_balloc.c...
compiling nrf_fprintf_format.c...
compiling nrf_fstorage.c...
compiling nrf_fstorage_sd.c...
compiling sensorsim.c...
compiling nrf_memobj.c...
compiling nrf_ringbuf.c...
compiling nrf_section_iter.c...
compiling nrf_strerror.c...
compiling nrf_sortlist.c...
compiling nrf_log_backend_rtt.c...
compiling nrf_pwr_mgmt.c...
compiling nrf_log_backend_serial.c...
compiling SEGGER_RTT_Syscalls_KEIL.c...
compiling SEGGER_RTT.c...
compiling nrf_log_default_backends.c...
compiling nrf_log_str_formatter.c...
compiling nrf_log_frontend.c...
assembling arm_startup_nrf52810.s...
compiling SEGGER_RTT_printf.c...
compiling nrf_log_backend_uart.c...
compiling nrf_sdh.c...
compiling nrf_sdh_soc.c...
compiling nrf_sdh_ble.c...
compiling system_nrf52.c...
linking...
Program Size: Code=52488 RO-data=8036 RW-data=1360 ZI-data=6416  
FromELF: creating hex file...
".\_build\nrf52810_xxaa.axf" - 0 Error(s), 0 Warning(s).

<h2>Software Packages used:</h2>

Package Vendor: ARM
                http://www.keil.com/pack/ARM.CMSIS.5.6.0.pack
                ARM.CMSIS.5.6.0
                CMSIS (Cortex Microcontroller Software Interface Standard)
   * Component: CORE Version: 5.3.0

Package Vendor: NordicSemiconductor
                http://developer.nordicsemi.com/nRF5_SDK/pieces/nRF_DeviceFamilyPack/NordicSemiconductor.nRF_DeviceFamilyPack.8.40.3.pack
                NordicSemiconductor.nRF_DeviceFamilyPack.8.40.3
                Nordic Semiconductor nRF ARM devices Device Family Pack with BSD license.
   * Component: Startup Version: 8.40.3

<h2>Collection of Component include folders:</h2>
  ./RTE/_nrf52810_xxaa
  C:/Users/yangb/AppData/Local/Arm/Packs/ARM/CMSIS/5.6.0/CMSIS/Core/Include
  C:/Users/yangb/AppData/Local/Arm/Packs/NordicSemiconductor/nRF_DeviceFamilyPack/8.40.3/Device/Include

<h2>Collection of Component Files used:</h2>

   * Component: ARM::CMSIS:CORE:5.3.0

   * Component: NordicSemiconductor::Device:Startup:8.40.3
      Source file:   Device/Source/system_nrf52.c
      Include file:  Device/Include/system_nrf52810.h
      Source file:   Device/Source/arm/arm_startup_nrf52810.s
      Include file:  Device/Include/system_nrf.h
Build Time Elapsed:  00:00:32
</pre>
</body>
</html>
