Component: ARM Compiler 5.06 update 7 (build 960) Tool: armlink [4d3601]

==============================================================================

Section Cross References

    main.o(i.advertising_init) refers to memseta.o(.text) for __aeabi_memclr4
    main.o(i.advertising_init) refers to ble_advertising.o(i.ble_advertising_init) for ble_advertising_init
    main.o(i.advertising_init) refers to app_error.o(i.app_error_handler_bare) for app_error_handler_bare
    main.o(i.advertising_init) refers to ble_advertising.o(i.ble_advertising_conn_cfg_tag_set) for ble_advertising_conn_cfg_tag_set
    main.o(i.advertising_init) refers to main.o(.data) for .data
    main.o(i.advertising_init) refers to main.o(i.on_adv_evt) for on_adv_evt
    main.o(i.advertising_init) refers to main.o(i.ble_advertising_error_handler) for ble_advertising_error_handler
    main.o(i.advertising_init) refers to main.o(.bss) for .bss
    main.o(i.advertising_start) refers to nrf_log_frontend.o(i.nrf_log_frontend_std_0) for nrf_log_frontend_std_0
    main.o(i.advertising_start) refers to peer_manager.o(i.pm_peers_delete) for pm_peers_delete
    main.o(i.advertising_start) refers to main.o(i.whitelist_set) for whitelist_set
    main.o(i.advertising_start) refers to ble_advertising.o(i.ble_advertising_start) for ble_advertising_start
    main.o(i.advertising_start) refers to app_error.o(i.app_error_handler_bare) for app_error_handler_bare
    main.o(i.advertising_start) refers to nrf_log_frontend.o(log_const_data) for m_nrf_log_app_logs_data_const
    main.o(i.advertising_start) refers to main.o(.bss) for .bss
    main.o(i.assert_nrf_callback) refers to app_error_handler_keil.o(.emb_text) for app_error_handler
    main.o(i.battery_level_meas_timeout_handler) refers to sensorsim.o(i.sensorsim_measure) for sensorsim_measure
    main.o(i.battery_level_meas_timeout_handler) refers to ble_bas.o(i.ble_bas_battery_level_update) for ble_bas_battery_level_update
    main.o(i.battery_level_meas_timeout_handler) refers to app_error.o(i.app_error_handler_bare) for app_error_handler_bare
    main.o(i.battery_level_meas_timeout_handler) refers to main.o(.bss) for .bss
    main.o(i.battery_level_meas_timeout_handler) refers to main.o(.data) for .data
    main.o(i.ble_advertising_error_handler) refers to app_error.o(i.app_error_handler_bare) for app_error_handler_bare
    main.o(i.ble_evt_handler) refers to app_error.o(i.app_error_handler_bare) for app_error_handler_bare
    main.o(i.ble_evt_handler) refers to main.o(i.buffer_dequeue) for buffer_dequeue
    main.o(i.ble_evt_handler) refers to nrf_log_frontend.o(i.nrf_log_frontend_std_0) for nrf_log_frontend_std_0
    main.o(i.ble_evt_handler) refers to bsp.o(i.bsp_indication_set) for bsp_indication_set
    main.o(i.ble_evt_handler) refers to nrf_ble_qwr.o(i.nrf_ble_qwr_conn_handle_assign) for nrf_ble_qwr_conn_handle_assign
    main.o(i.ble_evt_handler) refers to nrf_log_frontend.o(log_const_data) for m_nrf_log_app_logs_data_const
    main.o(i.ble_evt_handler) refers to main.o(.data) for .data
    main.o(i.ble_evt_handler) refers to main.o(.bss) for .bss
    main.o(i.bsp_event_handler) refers to main.o(i.keys_send) for keys_send
    main.o(i.bsp_event_handler) refers to main.o(i.sleep_mode_enter) for sleep_mode_enter
    main.o(i.bsp_event_handler) refers to app_error.o(i.app_error_handler_bare) for app_error_handler_bare
    main.o(i.bsp_event_handler) refers to ble_advertising.o(i.ble_advertising_restart_without_whitelist) for ble_advertising_restart_without_whitelist
    main.o(i.bsp_event_handler) refers to main.o(.data) for .data
    main.o(i.bsp_event_handler) refers to main.o(.bss) for .bss
    main.o(i.buffer_dequeue) refers to main.o(i.send_key_scan_press_release) for send_key_scan_press_release
    main.o(i.buffer_dequeue) refers to main.o(.bss) for .bss
    main.o(i.buffer_enqueue) refers to main.o(.bss) for .bss
    main.o(i.conn_params_error_handler) refers to app_error.o(i.app_error_handler_bare) for app_error_handler_bare
    main.o(i.gap_params_init) refers to app_error.o(i.app_error_handler_bare) for app_error_handler_bare
    main.o(i.hids_init) refers to memseta.o(.text) for __aeabi_memclr4
    main.o(i.hids_init) refers to ble_hids.o(i.ble_hids_init) for ble_hids_init
    main.o(i.hids_init) refers to app_error.o(i.app_error_handler_bare) for app_error_handler_bare
    main.o(i.hids_init) refers to main.o(.data) for .data
    main.o(i.hids_init) refers to main.o(i.on_hids_evt) for on_hids_evt
    main.o(i.hids_init) refers to main.o(i.service_error_handler) for service_error_handler
    main.o(i.identities_set) refers to peer_manager.o(i.pm_peer_id_list) for pm_peer_id_list
    main.o(i.identities_set) refers to app_error.o(i.app_error_handler_bare) for app_error_handler_bare
    main.o(i.identities_set) refers to peer_manager.o(i.pm_device_identities_list_set) for pm_device_identities_list_set
[...]
    0x00001b6c   0x00001b6c   0x00000024   Code   RO          984    i.ble_advertising_whitelist_reply  ble_advertising.o
    0x00001b90   0x00001b90   0x000000c0   Code   RO         3063    i.ble_bas_battery_level_update  ble_bas.o
    0x00001c50   0x00001c50   0x0000003e   Code   RO         3065    i.ble_bas_init      ble_bas.o
    0x00001c8e   0x00001c8e   0x00000052   Code   RO         3066    i.ble_bas_on_ble_evt  ble_bas.o
    0x00001ce0   0x00001ce0   0x00000068   Code   RO         1068    i.ble_conn_params_init  ble_conn_params.o
    0x00001d48   0x00001d48   0x0000000c   Code   RO         1142    i.ble_conn_state_conn_handles  ble_conn_state.o
    0x00001d54   0x00001d54   0x00000012   Code   RO         1143    i.ble_conn_state_conn_idx  ble_conn_state.o
    0x00001d66   0x00001d66   0x00000002   PAD
    0x00001d68   0x00001d68   0x00000020   Code   RO         1144    i.ble_conn_state_encrypted  ble_conn_state.o
    0x00001d88   0x00001d88   0x0000002c   Code   RO         1146    i.ble_conn_state_for_each_set_user_flag  ble_conn_state.o
    0x00001db4   0x00001db4   0x00000020   Code   RO         1148    i.ble_conn_state_lesc  ble_conn_state.o
    0x00001dd4   0x00001dd4   0x00000020   Code   RO         1149    i.ble_conn_state_mitm_protected  ble_conn_state.o
    0x00001df4   0x00001df4   0x00000010   Code   RO         1152    i.ble_conn_state_role  ble_conn_state.o
    0x00001e04   0x00001e04   0x00000024   Code   RO         1153    i.ble_conn_state_status  ble_conn_state.o
    0x00001e28   0x00001e28   0x00000018   Code   RO         1154    i.ble_conn_state_user_flag_acquire  ble_conn_state.o
    0x00001e40   0x00001e40   0x00000030   Code   RO         1155    i.ble_conn_state_user_flag_get  ble_conn_state.o
    0x00001e70   0x00001e70   0x00000038   Code   RO         1156    i.ble_conn_state_user_flag_set  ble_conn_state.o
    0x00001ea8   0x00001ea8   0x00000014   Code   RO         1157    i.ble_conn_state_valid  ble_conn_state.o
    0x00001ebc   0x00001ebc   0x00000060   Code   RO          875    i.ble_device_addr_encode  ble_advdata.o
    0x00001f1c   0x00001f1c   0x0000013c   Code   RO         3121    i.ble_dis_init      ble_dis.o
    0x00002058   0x00002058   0x000000d4   Code   RO            9    i.ble_evt_handler   main.o
    0x0000212c   0x0000212c   0x00000070   Code   RO          742    i.ble_evt_handler   bsp_btn_ble.o
    0x0000219c   0x0000219c   0x000000fc   Code   RO         1070    i.ble_evt_handler   ble_conn_params.o
    0x00002298   0x00002298   0x00000108   Code   RO         1158    i.ble_evt_handler   ble_conn_state.o
    0x000023a0   0x000023a0   0x00000084   Code   RO         2289    i.ble_evt_handler   peer_manager.o
    0x00002424   0x00002424   0x00000082   Code   RO         3162    i.ble_hids_boot_kb_inp_rep_send  ble_hids.o
    0x000024a6   0x000024a6   0x00000270   Code   RO         3164    i.ble_hids_init     ble_hids.o
    0x00002716   0x00002716   0x00000002   PAD
    0x00002718   0x00002718   0x000000c4   Code   RO         3165    i.ble_hids_inp_rep_send  ble_hids.o
    0x000027dc   0x000027dc   0x00000022   Code   RO         3166    i.ble_hids_on_ble_evt  ble_hids.o
    0x000027fe   0x000027fe   0x00000002   PAD
    0x00002800   0x00002800   0x00000096   Code   RO         3167    i.ble_hids_outp_rep_get  ble_hids.o
    0x00002896   0x00002896   0x00000012   Code   RO         1335    i.ble_srv_ascii_to_utf8  ble_srv_common.o
    0x000028a8   0x000028a8   0x00000008   Code   RO         1337    i.ble_srv_is_notification_enabled  ble_srv_common.o
    0x000028b0   0x000028b0   0x0000000c   Code   RO         1338    i.ble_srv_report_ref_encode  ble_srv_common.o
    0x000028bc   0x000028bc   0x0000006c   Code   RO         3168    i.boot_inp_rep_char_add  ble_hids.o
    0x00002928   0x00002928   0x0000000c   Code   RO          511    i.bsp_board_button_idx_to_pin  boards.o
    0x00002934   0x00002934   0x00000020   Code   RO          512    i.bsp_board_button_state_get  boards.o
    0x00002954   0x00002954   0x00000054   Code   RO          513    i.bsp_board_init    boards.o
    0x000029a8   0x000029a8   0x00000024   Code   RO          515    i.bsp_board_led_invert  boards.o
    0x000029cc   0x000029cc   0x00000010   Code   RO          516    i.bsp_board_led_off  boards.o
    0x000029dc   0x000029dc   0x00000010   Code   RO          517    i.bsp_board_led_on  boards.o
    0x000029ec   0x000029ec   0x00000020   Code   RO          518    i.bsp_board_led_state_get  boards.o
    0x00002a0c   0x00002a0c   0x00000012   Code   RO          519    i.bsp_board_leds_off  boards.o
    0x00002a1e   0x00002a1e   0x00000012   Code   RO          520    i.bsp_board_leds_on  boards.o
    0x00002a30   0x00002a30   0x00000024   Code   RO          521    i.bsp_board_pin_to_button_idx  boards.o
    0x00002a54   0x00002a54   0x00000038   Code   RO          743    i.bsp_btn_ble_init  bsp_btn_ble.o
    0x00002a8c   0x00002a8c   0x0000001e   Code   RO          744    i.bsp_btn_ble_sleep_mode_prepare  bsp_btn_ble.o
    0x00002aaa   0x00002aaa   0x00000002   PAD
    0x00002aac   0x00002aac   0x00000090   Code   RO          625    i.bsp_button_event_handler  bsp.o
    0x00002b3c   0x00002b3c   0x0000000c   Code   RO          626    i.bsp_button_is_pressed  bsp.o
    0x00002b48   0x00002b48   0x00000078   Code   RO           10    i.bsp_event_handler  main.o
    0x00002bc0   0x00002bc0   0x00000044   Code   RO          629    i.bsp_event_to_button_action_assign  bsp.o
    0x00002c04   0x00002c04   0x00000018   Code   RO          630    i.bsp_indication_set  bsp.o
    0x00002c1c   0x00002c1c   0x00000094   Code   RO          631    i.bsp_init          bsp.o
    0x00002cb0   0x00002cb0   0x000001c8   Code   RO          632    i.bsp_led_indication  bsp.o
    0x00002e78   0x00002e78   0x00000006   Code   RO          634    i.bsp_wakeup_button_enable  bsp.o
    0x00002e7e   0x00002e7e   0x00000002   PAD
    0x00002e80   0x00002e80   0x00000094   Code   RO         6761    i.buf_prealloc      nrf_log_frontend.o
    0x00002f14   0x00002f14   0x0000002e   Code   RO         6004    i.buffer_add        nrf_fprintf_format.o
    0x00002f42   0x00002f42   0x00000002   PAD
    0x00002f44   0x00002f44   0x00000078   Code   RO           11    i.buffer_dequeue    main.o
    0x00002fbc   0x00002fbc   0x00000050   Code   RO           12    i.buffer_enqueue    main.o
    0x0000300c   0x0000300c   0x00000018   Code   RO         6762    i.buffer_is_empty   nrf_log_frontend.o
    0x00003024   0x00003024   0x00000028   Code   RO         4482    i.button_get        app_button.o
    0x0000304c   0x0000304c   0x00000008   Code   RO          635    i.button_timer_handler  bsp.o
    0x00003054   0x00003054   0x00000028   Code   RO         1398    i.car_update_needed  gatt_cache_manager.o
    0x0000307c   0x0000307c   0x00000040   Code   RO         1399    i.car_update_pending_handle  gatt_cache_manager.o
    0x000030bc   0x000030bc   0x0000001c   Code   RO         3772    i.channel_free      nrfx_gpiote.o
    0x000030d8   0x000030d8   0x00000048   Code   RO         3773    i.channel_port_alloc  nrfx_gpiote.o
    0x00003120   0x00003120   0x00000010   Code   RO         3774    i.channel_port_get  nrfx_gpiote.o
    0x00003130   0x00003130   0x00000060   Code   RO         3122    i.char_add          ble_dis.o
    0x00003190   0x00003190   0x00000190   Code   RO         1339    i.characteristic_add  ble_srv_common.o
    0x00003320   0x00003320   0x0000003e   Code   RO         2199    i.claim             peer_id.o
    0x0000335e   0x0000335e   0x00000002   PAD
    0x00003360   0x00003360   0x00000028   Code   RO         3287    i.clock_clk_started_notify  nrf_drv_clock.o
    0x00003388   0x00003388   0x0000001c   Code   RO         3288    i.clock_irq_handler  nrf_drv_clock.o
    0x000033a4   0x000033a4   0x00000018   Code   RO         4810    i.compare_func      app_timer2.o
    0x000033bc   0x000033bc   0x0000003e   Code   RO         1159    i.conn_handle_list_get  ble_conn_state.o
    0x000033fa   0x000033fa   0x00000088   Code   RO          876    i.conn_int_encode   ble_advdata.o
    0x00003482   0x00003482   0x00000004   Code   RO           13    i.conn_params_error_handler  main.o
    0x00003486   0x00003486   0x00000002   PAD
    0x00003488   0x00003488   0x00000048   Code   RO         1071    i.conn_params_negotiation  ble_conn_params.o
    0x000034d0   0x000034d0   0x00000044   Code   RO         2747    i.conn_sec_failure  security_dispatcher.o
    0x00003514   0x00003514   0x00000004   Code   RO         2602    i.conn_secure       peer_manager_handler.o
    0x00003518   0x00003518   0x00000030   Code   RO         1400    i.db_update_pending_handle  gatt_cache_manager.o
    0x00003548   0x00003548   0x0000008c   Code   RO         5289    i.delete_execute    fds.o
    0x000035d4   0x000035d4   0x000000aa   Code   RO         1340    i.descriptor_add    ble_srv_common.o
    0x0000367e   0x0000367e   0x00000002   PAD
    0x00003680   0x00003680   0x00000048   Code   RO         4483    i.detection_delay_timeout_handler  app_button.o
    0x000036c8   0x000036c8   0x00000014   Code   RO         6763    i.dropped_sat16_get  nrf_log_frontend.o
    0x000036dc   0x000036dc   0x00000014   Code   RO         5121    i.drv_rtc_compare_disable  drv_rtc.o
    0x000036f0   0x000036f0   0x0000000e   Code   RO         5124    i.drv_rtc_compare_pending  drv_rtc.o
    0x000036fe   0x000036fe   0x00000050   Code   RO         5125    i.drv_rtc_compare_set  drv_rtc.o
    0x0000374e   0x0000374e   0x00000008   Code   RO         5126    i.drv_rtc_counter_get  drv_rtc.o
    0x00003756   0x00003756   0x00000002   PAD
    0x00003758   0x00003758   0x000000d8   Code   RO         5127    i.drv_rtc_init      drv_rtc.o
    0x00003830   0x00003830   0x0000001e   Code   RO         5128    i.drv_rtc_irq_trigger  drv_rtc.o
    0x0000384e   0x0000384e   0x00000008   Code   RO         5130    i.drv_rtc_overflow_enable  drv_rtc.o
    0x00003856   0x00003856   0x00000008   Code   RO         5131    i.drv_rtc_overflow_pending  drv_rtc.o
    0x0000385e   0x0000385e   0x00000008   Code   RO         5132    i.drv_rtc_start     drv_rtc.o
    0x00003866   0x00003866   0x00000008   Code   RO         5133    i.drv_rtc_stop      drv_rtc.o
    0x0000386e   0x0000386e   0x000000de   Code   RO         5138    i.drv_rtc_windowed_compare_set  drv_rtc.o
    0x0000394c   0x0000394c   0x0000000a   Code   RO         2748    i.encryption_failure  security_dispatcher.o
    0x00003956   0x00003956   0x00000002   PAD
    0x00003958   0x00003958   0x0000004c   Code   RO         6131    i.erase             nrf_fstorage_sd.o
    0x000039a4   0x000039a4   0x00000074   Code   RO         5290    i.event_prepare     fds.o
    0x00003a18   0x00003a18   0x00000020   Code   RO         5291    i.event_send        fds.o
    0x00003a38   0x00003a38   0x00000054   Code   RO         6132    i.event_send        nrf_fstorage_sd.o
    0x00003a8c   0x00003a8c   0x00000098   Code   RO         2886    i.events_send_from_err_code  security_manager.o
    0x00003b24   0x00003b24   0x00000012   Code   RO         5139    i.evt_enable        drv_rtc.o
    0x00003b36   0x00003b36   0x00000002   PAD
    0x00003b38   0x00003b38   0x000000e0   Code   RO         4484    i.evt_handle        app_button.o
    0x00003c18   0x00003c18   0x00000014   Code   RO         5140    i.evt_pending       drv_rtc.o
    0x00003c2c   0x00003c2c   0x0000001c   Code   RO         1401    i.evt_send          gatt_cache_manager.o
    0x00003c48   0x00003c48   0x0000001c   Code   RO         1563    i.evt_send          gatts_cache_manager.o
    0x00003c64   0x00003c64   0x0000002c   Code   RO         2290    i.evt_send          peer_manager.o
    0x00003c90   0x00003c90   0x0000001c   Code   RO         2749    i.evt_send          security_dispatcher.o
    0x00003cac   0x00003cac   0x0000000c   Code   RO         2887    i.evt_send          security_manager.o
    0x00003cb8   0x00003cb8   0x000000e0   Code   RO         1940    i.fds_evt_handler   peer_data_storage.o
    0x00003d98   0x00003d98   0x00000048   Code   RO         5293    i.fds_file_delete   fds.o
    0x00003de0   0x00003de0   0x00000040   Code   RO         5294    i.fds_gc            fds.o
    0x00003e20   0x00003e20   0x000000ec   Code   RO         5295    i.fds_init          fds.o
    0x00003f0c   0x00003f0c   0x00000048   Code   RO         5296    i.fds_record_close  fds.o
    0x00003f54   0x00003f54   0x0000000e   Code   RO         5298    i.fds_record_find   fds.o
    0x00003f62   0x00003f62   0x00000010   Code   RO         5299    i.fds_record_find_by_key  fds.o
    0x00003f72   0x00003f72   0x00000010   Code   RO         5300    i.fds_record_find_in_file  fds.o
    0x00003f82   0x00003f82   0x00000012   Code   RO         5301    i.fds_record_id_from_desc  fds.o
    0x00003f94   0x00003f94   0x0000004c   Code   RO         5303    i.fds_record_open   fds.o
    0x00003fe0   0x00003fe0   0x00000010   Code   RO         5304    i.fds_record_update  fds.o
    0x00003ff0   0x00003ff0   0x00000008   Code   RO         5305    i.fds_record_write  fds.o
    0x00003ff8   0x00003ff8   0x00000030   Code   RO         5307    i.fds_register      fds.o
    0x00004028   0x00004028   0x000000a0   Code   RO         5310    i.fds_stat          fds.o
    0x000040c8   0x000040c8   0x00000014   Code   RO         4687    i.fifo_get          app_fifo.o
    0x000040dc   0x000040dc   0x00000012   Code   RO         4688    i.fifo_put          app_fifo.o
    0x000040ee   0x000040ee   0x00000014   Code   RO         1941    i.file_id_within_pm_range  peer_data_storage.o
    0x00004102   0x00004102   0x00000012   Code   RO         2750    i.flag_id_init      security_dispatcher.o
    0x00004114   0x00004114   0x00000012   Code   RO         2888    i.flag_id_init      security_manager.o
    0x00004126   0x00004126   0x0000000a   Code   RO         1160    i.flag_toggle       ble_conn_state.o
    0x00004130   0x00004130   0x00000028   Code   RO          985    i.flags_set         ble_advertising.o
    0x00004158   0x00004158   0x00000030   Code   RO         2889    i.flags_set_from_err_code  security_manager.o
    0x00004188   0x00004188   0x00000030   Code   RO         1161    i.for_each_set_flag  ble_conn_state.o
    0x000041b8   0x000041b8   0x00000006   Code   RO         5311    i.fs_event_handler  fds.o
    0x000041be   0x000041be   0x00000002   PAD
    0x000041c0   0x000041c0   0x0000006c   Code   RO           14    i.gap_params_init   main.o
    0x0000422c   0x0000422c   0x00000080   Code   RO         5312    i.gc_execute        fds.o
    0x000042ac   0x000042ac   0x0000004c   Code   RO         5313    i.gc_next_page      fds.o
    0x000042f8   0x000042f8   0x00000040   Code   RO         5314    i.gc_page_erase     fds.o
    0x00004338   0x00004338   0x00000034   Code   RO         5315    i.gc_record_copy    fds.o
    0x0000436c   0x0000436c   0x00000024   Code   RO         5316    i.gc_record_find_next  fds.o
    0x00004390   0x00004390   0x00000070   Code   RO         5317    i.gc_state_advance  fds.o
    0x00004400   0x00004400   0x00000030   Code   RO         5318    i.gc_swap_pages     fds.o
    0x00004430   0x00004430   0x00000230   Code   RO         1402    i.gcm_ble_evt_handler  gatt_cache_manager.o
    0x00004660   0x00004660   0x0000003c   Code   RO         1403    i.gcm_im_evt_handler  gatt_cache_manager.o
    0x0000469c   0x0000469c   0x00000094   Code   RO         1404    i.gcm_init          gatt_cache_manager.o
    0x00004730   0x00004730   0x00000088   Code   RO         1407    i.gcm_pdb_evt_handler  gatt_cache_manager.o
    0x000047b8   0x000047b8   0x00000034   Code   RO         4811    i.get_now           app_timer2.o
    0x000047ec   0x000047ec   0x0000003c   Code   RO         4485    i.gpiote_event_handler  app_button.o
    0x00004828   0x00004828   0x0000001c   Code   RO         1564    i.gscm_db_change_notification_done  gatts_cache_manager.o
    0x00004844   0x00004844   0x00000014   Code   RO         1565    i.gscm_init         gatts_cache_manager.o
    0x00004858   0x00004858   0x00000090   Code   RO         1567    i.gscm_local_db_cache_apply  gatts_cache_manager.o
    0x000048e8   0x000048e8   0x00000148   Code   RO         1568    i.gscm_local_db_cache_update  gatts_cache_manager.o
    0x00004a30   0x00004a30   0x00000018   Code   RO         1569    i.gscm_pdb_evt_handler  gatts_cache_manager.o
    0x00004a48   0x00004a48   0x0000001e   Code   RO         1570    i.gscm_service_changed_ind_needed  gatts_cache_manager.o
    0x00004a66   0x00004a66   0x00000002   PAD
    0x00004a68   0x00004a68   0x0000005c   Code   RO         1571    i.gscm_service_changed_ind_send  gatts_cache_manager.o
    0x00004ac4   0x00004ac4   0x0000002c   Code   RO         5319    i.header_check      fds.o
    0x00004af0   0x00004af0   0x00000012   Code   RO         5320    i.header_has_next   fds.o
    0x00004b02   0x00004b02   0x00000062   Code   RO         3169    i.hid_information_char_add  ble_hids.o
    0x00004b64   0x00004b64   0x000000e4   Code   RO           15    i.hids_init         main.o
    0x00004c48   0x00004c48   0x00000030   Code   RO           16    i.identities_set    main.o
    0x00004c78   0x00004c78   0x00000046   Code   RO         1660    i.im_address_resolve  id_manager.o
    0x00004cbe   0x00004cbe   0x00000002   PAD
    0x00004cc0   0x00004cc0   0x00000038   Code   RO         1661    i.im_ble_addr_get   id_manager.o
    0x00004cf8   0x00004cf8   0x000000dc   Code   RO         1662    i.im_ble_evt_handler  id_manager.o
    0x00004dd4   0x00004dd4   0x00000040   Code   RO         1663    i.im_conn_handle_get  id_manager.o
    0x00004e14   0x00004e14   0x000000ec   Code   RO         1664    i.im_device_identities_list_set  id_manager.o
    0x00004f00   0x00004f00   0x00000038   Code   RO         1665    i.im_find_duplicate_bonding_data  id_manager.o
    0x00004f38   0x00004f38   0x00000072   Code   RO         1668    i.im_is_duplicate_bonding_data  id_manager.o
    0x00004faa   0x00004faa   0x00000018   Code   RO         1669    i.im_master_id_is_valid  id_manager.o
    0x00004fc2   0x00004fc2   0x0000002a   Code   RO         1670    i.im_master_ids_compare  id_manager.o
    0x00004fec   0x00004fec   0x00000014   Code   RO         1671    i.im_new_peer_id    id_manager.o
    0x00005000   0x00005000   0x0000002c   Code   RO         1672    i.im_peer_free      id_manager.o
    0x0000502c   0x0000502c   0x00000024   Code   RO         1673    i.im_peer_id_get_by_conn_handle  id_manager.o
    0x00005050   0x00005050   0x0000003c   Code   RO         1674    i.im_peer_id_get_by_master_id  id_manager.o
    0x0000508c   0x0000508c   0x00000038   Code   RO         1677    i.im_whitelist_get  id_manager.o
    0x000050c4   0x000050c4   0x00000074   Code   RO         1678    i.im_whitelist_set  id_manager.o
    0x00005138   0x00005138   0x00000034   Code   RO         6133    i.init              nrf_fstorage_sd.o
    0x0000516c   0x0000516c   0x000000c4   Code   RO         5321    i.init_execute      fds.o
    0x00005230   0x00005230   0x0000006c   Code   RO         3170    i.inp_rep_characteristics_add  ble_hids.o
    0x0000529c   0x0000529c   0x00000014   Code   RO         1072    i.instance_get      ble_conn_params.o
    0x000052b0   0x000052b0   0x000000a6   Code   RO         6005    i.int_print         nrf_fprintf_format.o
    0x00005356   0x00005356   0x00000002   PAD
    0x00005358   0x00005358   0x00000088   Code   RO         4319    i.interrupts_enable  nrfx_uarte.o
    0x000053e0   0x000053e0   0x00000034   Code   RO         6764    i.invalid_packets_omit  nrf_log_frontend.o
    0x00005414   0x00005414   0x00000010   Code   RO         6134    i.is_busy           nrf_fstorage_sd.o
    0x00005424   0x00005424   0x00000044   Code   RO         1073    i.is_conn_params_ok  ble_conn_params.o
    0x00005468   0x00005468   0x00000014   Code   RO         1679    i.is_valid_irk      id_manager.o
    0x0000547c   0x0000547c   0x0000000c   Code   RO         5322    i.is_word_aligned   fds.o
    0x00005488   0x00005488   0x0000004c   Code   RO           17    i.keys_send         main.o
    0x000054d4   0x000054d4   0x00000030   Code   RO          636    i.leds_off          bsp.o
    0x00005504   0x00005504   0x00000014   Code   RO          637    i.leds_timer_handler  bsp.o
    0x00005518   0x00005518   0x0000000e   Code   RO         1824    i.link_init         nrf_ble_gatt.o
    0x00005526   0x00005526   0x00000002   PAD
    0x00005528   0x00005528   0x000000d0   Code   RO         2890    i.link_secure       security_manager.o
    0x000055f8   0x000055f8   0x0000003c   Code   RO         2751    i.link_secure_failure  security_dispatcher.o
    0x00005634   0x00005634   0x0000002c   Code   RO         2891    i.link_secure_pending_handle  security_manager.o
    0x00005660   0x00005660   0x000000a8   Code   RO         1408    i.local_db_apply_in_evt  gatt_cache_manager.o
    0x00005708   0x00005708   0x00000010   Code   RO         1409    i.local_db_update   gatt_cache_manager.o
    0x00005718   0x00005718   0x00000114   Code   RO         1410    i.local_db_update_in_evt  gatt_cache_manager.o
    0x0000582c   0x0000582c   0x00000002   Code   RO         6765    i.log_pending_hook  nrf_log_frontend.o
    0x0000582e   0x0000582e   0x00000002   PAD
    0x00005830   0x00005830   0x000000a4   Code   RO         6766    i.log_skip          nrf_log_frontend.o
    0x000058d4   0x000058d4   0x000001f4   Code   RO           18    i.main              main.o
    0x00005ac8   0x00005ac8   0x00000012   Code   RO         3171    i.make_char_id      ble_hids.o
    0x00005ada   0x00005ada   0x00000064   Code   RO          877    i.manuf_specific_data_encode  ble_advdata.o
    0x00005b3e   0x00005b3e   0x0000007e   Code   RO         6243    i.memobj_op         nrf_memobj.o
    0x00005bbc   0x00005bbc   0x00000030   Code   RO         6767    i.module_idx_get    nrf_log_frontend.o
    0x00005bec   0x00005bec   0x00000008   Code   RO         2698    i.mutex_lock_status_get  pm_buffer.o
    0x00005bf4   0x00005bf4   0x000000a6   Code   RO          878    i.name_encode       ble_advdata.o
    0x00005c9a   0x00005c9a   0x00000002   PAD
    0x00005c9c   0x00005c9c   0x00000014   Code   RO         2892    i.new_context_get   security_manager.o
    0x00005cb0   0x00005cb0   0x00000032   Code   RO         2893    i.new_evt           security_manager.o
    0x00005ce2   0x00005ce2   0x00000030   Code   RO         2200    i.next_id_get       peer_id.o
    0x00005d12   0x00005d12   0x00000002   PAD
    0x00005d14   0x00005d14   0x0000003c   Code   RO         7593    i.nrf52_errata_136  system_nrf52.o
    0x00005d50   0x00005d50   0x0000003c   Code   RO         7594    i.nrf52_errata_31   system_nrf52.o
    0x00005d8c   0x00005d8c   0x0000003c   Code   RO         7595    i.nrf52_errata_36   system_nrf52.o
    0x00005dc8   0x00005dc8   0x00000044   Code   RO         7596    i.nrf52_errata_66   system_nrf52.o
    0x00005e0c   0x00005e0c   0x00000010   Code   RO         5658    i.nrf_atfifo_clear  nrf_atfifo.o
    0x00005e1c   0x00005e1c   0x00000026   Code   RO         5660    i.nrf_atfifo_init   nrf_atfifo.o
    0x00005e42   0x00005e42   0x00000016   Code   RO         5661    i.nrf_atfifo_item_alloc  nrf_atfifo.o
    0x00005e58   0x00005e58   0x00000016   Code   RO         5662    i.nrf_atfifo_item_free  nrf_atfifo.o
    0x00005e6e   0x00005e6e   0x00000016   Code   RO         5663    i.nrf_atfifo_item_get  nrf_atfifo.o
    0x00005e84   0x00005e84   0x00000016   Code   RO         5664    i.nrf_atfifo_item_put  nrf_atfifo.o
    0x00005e9a   0x00005e9a   0x00000016   Code   RO         5726    i.nrf_atflags_clear  nrf_atflags.o
    0x00005eb0   0x00005eb0   0x00000020   Code   RO         5728    i.nrf_atflags_fetch_set  nrf_atflags.o
    0x00005ed0   0x00005ed0   0x0000004a   Code   RO         5730    i.nrf_atflags_find_and_set_flag  nrf_atflags.o
    0x00005f1a   0x00005f1a   0x00000016   Code   RO         5731    i.nrf_atflags_get   nrf_atflags.o
    0x00005f30   0x00005f30   0x00000014   Code   RO         5733    i.nrf_atflags_set   nrf_atflags.o
    0x00005f44   0x00005f44   0x00000006   Code   RO         5794    i.nrf_atomic_flag_clear_fetch  nrf_atomic.o
    0x00005f4a   0x00005f4a   0x00000006   Code   RO         5795    i.nrf_atomic_flag_set  nrf_atomic.o
    0x00005f50   0x00005f50   0x00000006   Code   RO         5796    i.nrf_atomic_flag_set_fetch  nrf_atomic.o
    0x00005f56   0x00005f56   0x0000000c   Code   RO         5797    i.nrf_atomic_u32_add  nrf_atomic.o
    0x00005f62   0x00005f62   0x0000000c   Code   RO         5798    i.nrf_atomic_u32_and  nrf_atomic.o
    0x00005f6e   0x00005f6e   0x0000000a   Code   RO         5800    i.nrf_atomic_u32_fetch_add  nrf_atomic.o
    0x00005f78   0x00005f78   0x0000000a   Code   RO         5801    i.nrf_atomic_u32_fetch_and  nrf_atomic.o
    0x00005f82   0x00005f82   0x0000000a   Code   RO         5802    i.nrf_atomic_u32_fetch_or  nrf_atomic.o
    0x00005f8c   0x00005f8c   0x0000000a   Code   RO         5803    i.nrf_atomic_u32_fetch_store  nrf_atomic.o
    0x00005f96   0x00005f96   0x0000000c   Code   RO         5807    i.nrf_atomic_u32_or  nrf_atomic.o
    0x00005fa2   0x00005fa2   0x0000000c   Code   RO         5809    i.nrf_atomic_u32_sub  nrf_atomic.o
    0x00005fae   0x00005fae   0x00000044   Code   RO         5928    i.nrf_balloc_alloc  nrf_balloc.o
    0x00005ff2   0x00005ff2   0x00000030   Code   RO         5929    i.nrf_balloc_free   nrf_balloc.o
    0x00006022   0x00006022   0x00000030   Code   RO         5930    i.nrf_balloc_init   nrf_balloc.o
    0x00006052   0x00006052   0x00000010   Code   RO         3775    i.nrf_bitmask_bit_is_set  nrfx_gpiote.o
    0x00006062   0x00006062   0x00000022   Code   RO         1828    i.nrf_ble_gatt_init  nrf_ble_gatt.o
    0x00006084   0x00006084   0x000000f4   Code   RO         1829    i.nrf_ble_gatt_on_ble_evt  nrf_ble_gatt.o
    0x00006178   0x00006178   0x00000016   Code   RO         1899    i.nrf_ble_qwr_conn_handle_assign  nrf_ble_qwr.o
    0x0000618e   0x0000618e   0x00000024   Code   RO         1900    i.nrf_ble_qwr_init  nrf_ble_qwr.o
    0x000061b2   0x000061b2   0x000000b6   Code   RO         1901    i.nrf_ble_qwr_on_ble_evt  nrf_ble_qwr.o
    0x00006268   0x00006268   0x0000000e   Code   RO         3633    i.nrf_clock_event_check  nrfx_clock.o
    0x00006276   0x00006276   0x00000010   Code   RO         3634    i.nrf_clock_event_clear  nrfx_clock.o
    0x00006286   0x00006286   0x00000002   PAD
    0x00006288   0x00006288   0x00000040   Code   RO         3295    i.nrf_drv_clock_init  nrf_drv_clock.o
    0x000062c8   0x000062c8   0x00000034   Code   RO         3299    i.nrf_drv_clock_lfclk_release  nrf_drv_clock.o
    0x000062fc   0x000062fc   0x00000068   Code   RO         3441    i.nrf_drv_uart_init  nrf_drv_uart.o
    0x00006364   0x00006364   0x00000020   Code   RO         4953    i.nrf_drv_uart_rx   app_uart_fifo.o
    0x00006384   0x00006384   0x00000020   Code   RO         4954    i.nrf_drv_uart_tx   app_uart_fifo.o
    0x000063a4   0x000063a4   0x0000001a   Code   RO         5965    i.nrf_fprintf       nrf_fprintf.o
    0x000063be   0x000063be   0x00000018   Code   RO         5966    i.nrf_fprintf_buffer_flush  nrf_fprintf.o
    0x000063d6   0x000063d6   0x000001da   Code   RO         6006    i.nrf_fprintf_fmt   nrf_fprintf_format.o
    0x000065b0   0x000065b0   0x00000138   Code   RO         6046    i.nrf_fstorage_erase  nrf_fstorage.o
    0x000066e8   0x000066e8   0x00000094   Code   RO         6047    i.nrf_fstorage_init  nrf_fstorage.o
    0x0000677c   0x0000677c   0x00000018   Code   RO         6135    i.nrf_fstorage_sdh_req_handler  nrf_fstorage_sd.o
    0x00006794   0x00006794   0x00000020   Code   RO         6136    i.nrf_fstorage_sdh_state_handler  nrf_fstorage_sd.o
    0x000067b4   0x000067b4   0x000000a4   Code   RO         6137    i.nrf_fstorage_sys_evt_handler  nrf_fstorage_sd.o
    0x00006858   0x00006858   0x000001dc   Code   RO         6053    i.nrf_fstorage_write  nrf_fstorage.o
    0x00006a34   0x00006a34   0x00000024   Code   RO          523    i.nrf_gpio_cfg      boards.o
    0x00006a58   0x00006a58   0x00000024   Code   RO         3776    i.nrf_gpio_cfg      nrfx_gpiote.o
    0x00006a7c   0x00006a7c   0x00000024   Code   RO         4131    i.nrf_gpio_cfg      nrfx_uart.o
    0x00006aa0   0x00006aa0   0x00000024   Code   RO         4320    i.nrf_gpio_cfg      nrfx_uarte.o
    0x00006ac4   0x00006ac4   0x00000012   Code   RO         4132    i.nrf_gpio_cfg_default  nrfx_uart.o
    0x00006ad6   0x00006ad6   0x00000012   Code   RO         4321    i.nrf_gpio_cfg_default  nrfx_uarte.o
    0x00006ae8   0x00006ae8   0x00000012   Code   RO         4133    i.nrf_gpio_cfg_input  nrfx_uart.o
    0x00006afa   0x00006afa   0x00000012   Code   RO         4322    i.nrf_gpio_cfg_input  nrfx_uarte.o
    0x00006b0c   0x00006b0c   0x00000014   Code   RO         4134    i.nrf_gpio_cfg_output  nrfx_uart.o
    0x00006b20   0x00006b20   0x00000014   Code   RO         4323    i.nrf_gpio_cfg_output  nrfx_uarte.o
    0x00006b34   0x00006b34   0x00000022   Code   RO         3778    i.nrf_gpio_cfg_sense_set  nrfx_gpiote.o
    0x00006b56   0x00006b56   0x00000002   PAD
    0x00006b58   0x00006b58   0x0000002c   Code   RO         3779    i.nrf_gpio_latches_read_and_clear  nrfx_gpiote.o
    0x00006b84   0x00006b84   0x0000001e   Code   RO         3780    i.nrf_gpio_pin_present_check  nrfx_gpiote.o
    0x00006ba2   0x00006ba2   0x00000016   Code   RO          524    i.nrf_gpio_pin_write  boards.o
    0x00006bb8   0x00006bb8   0x00000014   Code   RO         3781    i.nrf_gpiote_event_clear  nrfx_gpiote.o
    0x00006bcc   0x00006bcc   0x00000010   Code   RO         3782    i.nrf_gpiote_event_is_set  nrfx_gpiote.o
    0x00006bdc   0x00006bdc   0x0000005c   Code   RO         6768    i.nrf_log_backend_add  nrf_log_frontend.o
    0x00006c38   0x00006c38   0x000000c2   Code   RO         6618    i.nrf_log_backend_serial_put  nrf_log_backend_serial.o
    0x00006cfa   0x00006cfa   0x00000002   Code   RO         6658    i.nrf_log_backend_uart_flush  nrf_log_backend_uart.o
    0x00006cfc   0x00006cfc   0x00000006   Code   RO         6659    i.nrf_log_backend_uart_init  nrf_log_backend_uart.o
    0x00006d02   0x00006d02   0x00000002   PAD
    0x00006d04   0x00006d04   0x0000002c   Code   RO         6660    i.nrf_log_backend_uart_panic_set  nrf_log_backend_uart.o
    0x00006d30   0x00006d30   0x00000018   Code   RO         6661    i.nrf_log_backend_uart_put  nrf_log_backend_uart.o
    0x00006d48   0x00006d48   0x00000030   Code   RO         6770    i.nrf_log_color_id_get  nrf_log_frontend.o
    0x00006d78   0x00006d78   0x0000001c   Code   RO         6725    i.nrf_log_default_backends_init  nrf_log_default_backends.o
    0x00006d94   0x00006d94   0x00000234   Code   RO         6771    i.nrf_log_frontend_dequeue  nrf_log_frontend.o
    0x00006fc8   0x00006fc8   0x00000008   Code   RO         6773    i.nrf_log_frontend_std_0  nrf_log_frontend.o
    0x00006fd0   0x00006fd0   0x0000000e   Code   RO         6774    i.nrf_log_frontend_std_1  nrf_log_frontend.o
    0x00006fde   0x00006fde   0x00000010   Code   RO         6775    i.nrf_log_frontend_std_2  nrf_log_frontend.o
    0x00006fee   0x00006fee   0x00000012   Code   RO         6776    i.nrf_log_frontend_std_3  nrf_log_frontend.o
    0x00007000   0x00007000   0x00000014   Code   RO         6777    i.nrf_log_frontend_std_4  nrf_log_frontend.o
    0x00007014   0x00007014   0x000000b0   Code   RO         6954    i.nrf_log_hexdump_entry_process  nrf_log_str_formatter.o
    0x000070c4   0x000070c4   0x00000028   Code   RO         6780    i.nrf_log_init      nrf_log_frontend.o
    0x000070ec   0x000070ec   0x00000014   Code   RO         6781    i.nrf_log_module_cnt_get  nrf_log_frontend.o
    0x00007100   0x00007100   0x0000001c   Code   RO         6784    i.nrf_log_module_name_get  nrf_log_frontend.o
    0x0000711c   0x0000711c   0x00000028   Code   RO         6785    i.nrf_log_panic     nrf_log_frontend.o
    0x00007144   0x00007144   0x000000b6   Code   RO         6955    i.nrf_log_std_entry_process  nrf_log_str_formatter.o
    0x000071fa   0x000071fa   0x00000060   Code   RO         6244    i.nrf_memobj_alloc  nrf_memobj.o
    0x0000725a   0x0000725a   0x00000032   Code   RO         6245    i.nrf_memobj_free   nrf_memobj.o
    0x0000728c   0x0000728c   0x00000008   Code   RO         6246    i.nrf_memobj_get    nrf_memobj.o
    0x00007294   0x00007294   0x00000004   Code   RO         6247    i.nrf_memobj_pool_init  nrf_memobj.o
    0x00007298   0x00007298   0x0000001e   Code   RO         6248    i.nrf_memobj_put    nrf_memobj.o
    0x000072b6   0x000072b6   0x00000010   Code   RO         6249    i.nrf_memobj_read   nrf_memobj.o
    0x000072c6   0x000072c6   0x00000010   Code   RO         6250    i.nrf_memobj_write  nrf_memobj.o
    0x000072d6   0x000072d6   0x00000002   PAD
    0x000072d8   0x000072d8   0x00000028   Code   RO         6322    i.nrf_pwr_mgmt_init  nrf_pwr_mgmt.o
    0x00007300   0x00007300   0x00000014   Code   RO         6323    i.nrf_pwr_mgmt_run  nrf_pwr_mgmt.o
    0x00007314   0x00007314   0x00000004   Code   RO           19    i.nrf_qwr_error_handler  main.o
    0x00007318   0x00007318   0x0000001c   Code   RO         6389    i.nrf_ringbuf_init  nrf_ringbuf.o
    0x00007334   0x00007334   0x0000000c   Code   RO         5141    i.nrf_rtc_event_clear  drv_rtc.o
    0x00007340   0x00007340   0x00000014   Code   RO         7494    i.nrf_sdh_ble_app_ram_start_get  nrf_sdh_ble.o
    0x00007354   0x00007354   0x000000f8   Code   RO         7495    i.nrf_sdh_ble_default_cfg_set  nrf_sdh_ble.o
    0x0000744c   0x0000744c   0x00000130   Code   RO         7496    i.nrf_sdh_ble_enable  nrf_sdh_ble.o
    0x0000757c   0x0000757c   0x0000005c   Code   RO         7497    i.nrf_sdh_ble_evts_poll  nrf_sdh_ble.o
    0x000075d8   0x000075d8   0x00000054   Code   RO         7371    i.nrf_sdh_disable_request  nrf_sdh.o
    0x0000762c   0x0000762c   0x00000074   Code   RO         7372    i.nrf_sdh_enable_request  nrf_sdh.o
    0x000076a0   0x000076a0   0x00000024   Code   RO         7373    i.nrf_sdh_evts_poll  nrf_sdh.o
    0x000076c4   0x000076c4   0x0000000c   Code   RO         7374    i.nrf_sdh_is_enabled  nrf_sdh.o
    0x000076d0   0x000076d0   0x0000001c   Code   RO         7376    i.nrf_sdh_request_continue  nrf_sdh.o
    0x000076ec   0x000076ec   0x0000003c   Code   RO         7548    i.nrf_sdh_soc_evts_poll  nrf_sdh_soc.o
    0x00007728   0x00007728   0x0000000a   Code   RO         6447    i.nrf_section_iter_init  nrf_section_iter.o
    0x00007732   0x00007732   0x00000024   Code   RO         6448    i.nrf_section_iter_item_set  nrf_section_iter.o
    0x00007756   0x00007756   0x00000020   Code   RO         6449    i.nrf_section_iter_next  nrf_section_iter.o
    0x00007776   0x00007776   0x00000022   Code   RO         6482    i.nrf_sortlist_add  nrf_sortlist.o
    0x00007798   0x00007798   0x00000006   Code   RO         6484    i.nrf_sortlist_peek  nrf_sortlist.o
    0x0000779e   0x0000779e   0x0000000e   Code   RO         6485    i.nrf_sortlist_pop  nrf_sortlist.o
    0x000077ac   0x000077ac   0x0000001e   Code   RO         6486    i.nrf_sortlist_remove  nrf_sortlist.o
    0x000077ca   0x000077ca   0x00000002   PAD
    0x000077cc   0x000077cc   0x00000038   Code   RO         6538    i.nrf_strerror_find  nrf_strerror.o
    0x00007804   0x00007804   0x00000014   Code   RO         6539    i.nrf_strerror_get  nrf_strerror.o
    0x00007818   0x00007818   0x0000000a   Code   RO         4135    i.nrf_uart_event_check  nrfx_uart.o
    0x00007822   0x00007822   0x0000000c   Code   RO         4136    i.nrf_uart_event_clear  nrfx_uart.o
    0x0000782e   0x0000782e   0x0000000c   Code   RO         4137    i.nrf_uart_int_enable_check  nrfx_uart.o
    0x0000783a   0x0000783a   0x0000000a   Code   RO         4324    i.nrf_uarte_event_check  nrfx_uarte.o
    0x00007844   0x00007844   0x0000000c   Code   RO         4325    i.nrf_uarte_event_clear  nrfx_uarte.o
    0x00007850   0x00007850   0x00000010   Code   RO         3302    i.nrf_wdt_started   nrf_drv_clock.o
    0x00007860   0x00007860   0x0000002c   Code   RO         3639    i.nrfx_clock_enable  nrfx_clock.o
    0x0000788c   0x0000788c   0x00000020   Code   RO         3642    i.nrfx_clock_init   nrfx_clock.o
    0x000078ac   0x000078ac   0x00000030   Code   RO         3645    i.nrfx_clock_lfclk_stop  nrfx_clock.o
    0x000078dc   0x000078dc   0x00000010   Code   RO         5142    i.nrfx_coredep_delay_us  drv_rtc.o
    0x000078ec   0x000078ec   0x000000a0   Code   RO         3788    i.nrfx_gpiote_in_event_enable  nrfx_gpiote.o
    0x0000798c   0x0000798c   0x000000cc   Code   RO         3790    i.nrfx_gpiote_in_init  nrfx_gpiote.o
    0x00007a58   0x00007a58   0x00000014   Code   RO         3791    i.nrfx_gpiote_in_is_set  nrfx_gpiote.o
    0x00007a6c   0x00007a6c   0x00000074   Code   RO         3793    i.nrfx_gpiote_init  nrfx_gpiote.o
    0x00007ae0   0x00007ae0   0x00000014   Code   RO         3794    i.nrfx_gpiote_is_init  nrfx_gpiote.o
    0x00007af4   0x00007af4   0x00000010   Code   RO         4326    i.nrfx_is_in_ram    nrfx_uarte.o
    0x00007b04   0x00007b04   0x0000003a   Code   RO         4077    i.nrfx_prs_acquire  nrfx_prs.o
    0x00007b3e   0x00007b3e   0x00000012   Code   RO         4078    i.nrfx_prs_release  nrfx_prs.o
    0x00007b50   0x00007b50   0x00000010   Code   RO         4138    i.nrfx_uart_0_irq_handler  nrfx_uart.o
    0x00007b60   0x00007b60   0x000000d4   Code   RO         4140    i.nrfx_uart_init    nrfx_uart.o
    0x00007c34   0x00007c34   0x000000ec   Code   RO         4141    i.nrfx_uart_rx      nrfx_uart.o
    0x00007d20   0x00007d20   0x000000a8   Code   RO         4146    i.nrfx_uart_tx      nrfx_uart.o
    0x00007dc8   0x00007dc8   0x00000020   Code   RO         4148    i.nrfx_uart_tx_in_progress  nrfx_uart.o
    0x00007de8   0x00007de8   0x000000c0   Code   RO         4149    i.nrfx_uart_uninit  nrfx_uart.o
    0x00007ea8   0x00007ea8   0x00000010   Code   RO         4327    i.nrfx_uarte_0_irq_handler  nrfx_uarte.o
    0x00007eb8   0x00007eb8   0x0000006c   Code   RO         4329    i.nrfx_uarte_init   nrfx_uarte.o
    0x00007f24   0x00007f24   0x00000104   Code   RO         4330    i.nrfx_uarte_rx     nrfx_uarte.o
    0x00008028   0x00008028   0x000000ac   Code   RO         4333    i.nrfx_uarte_tx     nrfx_uarte.o
    0x000080d4   0x000080d4   0x0000001c   Code   RO         4335    i.nrfx_uarte_tx_in_progress  nrfx_uarte.o
    0x000080f0   0x000080f0   0x00000108   Code   RO         4336    i.nrfx_uarte_uninit  nrfx_uarte.o
    0x000081f8   0x000081f8   0x00000018   Code   RO         7597    i.nvmc_config       system_nrf52.o
    0x00008210   0x00008210   0x000001a0   Code   RO           20    i.on_adv_evt        main.o
    0x000083b0   0x000083b0   0x000000ac   Code   RO         3172    i.on_connect        ble_hids.o
    0x0000845c   0x0000845c   0x0000008c   Code   RO         1830    i.on_connected_evt  nrf_ble_gatt.o
    0x000084e8   0x000084e8   0x000000b0   Code   RO         1831    i.on_exchange_mtu_request_evt  nrf_ble_gatt.o
    0x00008598   0x00008598   0x000000d0   Code   RO           21    i.on_hid_rep_char_write  main.o
    0x00008668   0x00008668   0x00000028   Code   RO           22    i.on_hids_evt       main.o
    0x00008690   0x00008690   0x0000005e   Code   RO         3173    i.on_protocol_mode_read_auth  ble_hids.o
    0x000086ee   0x000086ee   0x0000003c   Code   RO         3174    i.on_report_cccd_write  ble_hids.o
    0x0000872a   0x0000872a   0x00000084   Code   RO         3175    i.on_report_value_read_auth  ble_hids.o
    0x000087ae   0x000087ae   0x00000076   Code   RO         3176    i.on_report_value_write  ble_hids.o
    0x00008824   0x00008824   0x000000ce   Code   RO         3177    i.on_rw_authorize_request  ble_hids.o
    0x000088f2   0x000088f2   0x000001a8   Code   RO         3178    i.on_write          ble_hids.o
    0x00008a9a   0x00008a9a   0x0000000c   Code   RO           23    i.package_handle_send_one_key  main.o
    0x00008aa6   0x00008aa6   0x00000002   PAD
    0x00008aa8   0x00008aa8   0x00000024   Code   RO         5323    i.page_identify     fds.o
    0x00008acc   0x00008acc   0x0000001c   Code   RO         5324    i.page_offsets_update  fds.o
    0x00008ae8   0x00008ae8   0x0000006c   Code   RO         5325    i.page_scan         fds.o
    0x00008b54   0x00008b54   0x0000001c   Code   RO         5326    i.page_tag_write_data  fds.o
    0x00008b70   0x00008b70   0x00000024   Code   RO         5327    i.page_tag_write_swap  fds.o
    0x00008b94   0x00008b94   0x00000130   Code   RO         5328    i.pages_init        fds.o
    0x00008cc4   0x00008cc4   0x0000000c   Code   RO         2752    i.pairing           security_dispatcher.o
    0x00008cd0   0x00008cd0   0x00000074   Code   RO         2753    i.pairing_failure   security_dispatcher.o
    0x00008d44   0x00008d44   0x0000002e   Code   RO         2754    i.pairing_success_evt_send  security_dispatcher.o
    0x00008d72   0x00008d72   0x00000006   Code   RO         2894    i.params_reply_pending_handle  security_manager.o
    0x00008d78   0x00008d78   0x00000020   Code   RO         2895    i.params_req_send   security_manager.o
    0x00008d98   0x00008d98   0x0000001c   Code   RO         2080    i.pdb_evt_send      peer_database.o
    0x00008db4   0x00008db4   0x00000090   Code   RO         2081    i.pdb_init          peer_database.o
    0x00008e44   0x00008e44   0x0000007c   Code   RO         2082    i.pdb_pds_evt_handler  peer_database.o
    0x00008ec0   0x00008ec0   0x00000006   Code   RO         2083    i.pdb_peer_data_ptr_get  peer_database.o
    0x00008ec6   0x00008ec6   0x00000002   PAD
    0x00008ec8   0x00008ec8   0x0000008c   Code   RO         2084    i.pdb_peer_free     peer_database.o
    0x00008f54   0x00008f54   0x000000dc   Code   RO         2085    i.pdb_write_buf_get  peer_database.o
    0x00009030   0x00009030   0x00000014   Code   RO         2086    i.pdb_write_buf_release  peer_database.o
    0x00009044   0x00009044   0x00000036   Code   RO         2087    i.pdb_write_buf_store  peer_database.o
    0x0000907a   0x0000907a   0x00000002   PAD
    0x0000907c   0x0000907c   0x00000010   Code   RO         1942    i.pds_evt_send      peer_data_storage.o
    0x0000908c   0x0000908c   0x000000dc   Code   RO         1943    i.pds_init          peer_data_storage.o
    0x00009168   0x00009168   0x00000004   Code   RO         1944    i.pds_next_deleted_peer_id_get  peer_data_storage.o
    0x0000916c   0x0000916c   0x00000004   Code   RO         1945    i.pds_next_peer_id_get  peer_data_storage.o
    0x00009170   0x00009170   0x00000058   Code   RO         1948    i.pds_peer_data_iterate  peer_data_storage.o
    0x000091c8   0x000091c8   0x00000010   Code   RO         1949    i.pds_peer_data_iterate_prepare  peer_data_storage.o
    0x000091d8   0x000091d8   0x00000072   Code   RO         1950    i.pds_peer_data_read  peer_data_storage.o
    0x0000924a   0x0000924a   0x00000002   PAD
    0x0000924c   0x0000924c   0x000000b4   Code   RO         1951    i.pds_peer_data_store  peer_data_storage.o
    0x00009300   0x00009300   0x00000008   Code   RO         1952    i.pds_peer_id_allocate  peer_data_storage.o
    0x00009308   0x00009308   0x00000016   Code   RO         1953    i.pds_peer_id_free  peer_data_storage.o
    0x0000931e   0x0000931e   0x00000004   Code   RO         1954    i.pds_peer_id_is_allocated  peer_data_storage.o
    0x00009322   0x00009322   0x00000004   Code   RO         1955    i.pds_peer_id_is_deleted  peer_data_storage.o
    0x00009326   0x00009326   0x00000002   PAD
    0x00009328   0x00009328   0x000000a8   Code   RO         1956    i.peer_data_delete_process  peer_data_storage.o
    0x000093d0   0x000093d0   0x00000030   Code   RO         1957    i.peer_data_find    peer_data_storage.o
    0x00009400   0x00009400   0x00000024   Code   RO         1958    i.peer_data_id_is_valid  peer_data_storage.o
    0x00009424   0x00009424   0x0000001a   Code   RO         2088    i.peer_data_point_to_buffer  peer_database.o
    0x0000943e   0x0000943e   0x00000002   PAD
    0x00009440   0x00009440   0x0000000c   Code   RO         2201    i.peer_id_allocate  peer_id.o
    0x0000944c   0x0000944c   0x00000024   Code   RO         2202    i.peer_id_delete    peer_id.o
    0x00009470   0x00009470   0x0000001c   Code   RO         2203    i.peer_id_free      peer_id.o
    0x0000948c   0x0000948c   0x0000000c   Code   RO         2204    i.peer_id_get_next_deleted  peer_id.o
    0x00009498   0x00009498   0x00000030   Code   RO         2205    i.peer_id_get_next_used  peer_id.o
    0x000094c8   0x000094c8   0x0000000c   Code   RO         2206    i.peer_id_init      peer_id.o
    0x000094d4   0x000094d4   0x00000014   Code   RO         2207    i.peer_id_is_allocated  peer_id.o
    0x000094e8   0x000094e8   0x00000014   Code   RO         2208    i.peer_id_is_deleted  peer_id.o
    0x000094fc   0x000094fc   0x0000006c   Code   RO           24    i.peer_manager_init  main.o
    0x00009568   0x00009568   0x000000c0   Code   RO         1680    i.peers_id_keys_get  id_manager.o
    0x00009628   0x00009628   0x00000012   Code   RO          986    i.phy_is_valid      ble_advertising.o
    0x0000963a   0x0000963a   0x00000002   PAD
    0x0000963c   0x0000963c   0x0000001c   Code   RO         3812    i.pin_configured_set  nrfx_gpiote.o
    0x00009658   0x00009658   0x00000018   Code   RO         3813    i.pin_in_use_by_port  nrfx_gpiote.o
    0x00009670   0x00009670   0x00000018   Code   RO         3814    i.pin_in_use_by_te  nrfx_gpiote.o
    0x00009688   0x00009688   0x00000064   Code   RO         2699    i.pm_buffer_block_acquire  pm_buffer.o
    0x000096ec   0x000096ec   0x00000024   Code   RO         2700    i.pm_buffer_init    pm_buffer.o
    0x00009710   0x00009710   0x00000028   Code   RO         2701    i.pm_buffer_ptr_get  pm_buffer.o
    0x00009738   0x00009738   0x00000032   Code   RO         2702    i.pm_buffer_release  pm_buffer.o
    0x0000976a   0x0000976a   0x00000002   PAD
    0x0000976c   0x0000976c   0x00000014   Code   RO         2296    i.pm_conn_sec_status_get  peer_manager.o
    0x00009780   0x00009780   0x0000001c   Code   RO         2297    i.pm_conn_secure    peer_manager.o
    0x0000979c   0x0000979c   0x00000014   Code   RO         2298    i.pm_device_identities_list_set  peer_manager.o
    0x000097b0   0x000097b0   0x000000a0   Code   RO           25    i.pm_evt_handler    main.o
    0x00009850   0x00009850   0x00000004   Code   RO         2299    i.pm_gcm_evt_handler  peer_manager.o
    0x00009854   0x00009854   0x00000004   Code   RO         2300    i.pm_gscm_evt_handler  peer_manager.o
    0x00009858   0x00009858   0x00000068   Code   RO         2604    i.pm_handler_disconnect_on_sec_failure  peer_manager_handler.o
    0x000098c0   0x000098c0   0x00000244   Code   RO         2605    i.pm_handler_flash_clean  peer_manager_handler.o
    0x00009b04   0x00009b04   0x0000001c   Code   RO         2606    i.pm_handler_flash_clean_on_return  peer_manager_handler.o
    0x00009b20   0x00009b20   0x00000054   Code   RO         2607    i.pm_handler_on_pm_evt  peer_manager_handler.o
    0x00009b74   0x00009b74   0x00000310   Code   RO         2608    i.pm_handler_pm_evt_log  peer_manager_handler.o
    0x00009e84   0x00009e84   0x00000004   Code   RO         2303    i.pm_im_evt_handler  peer_manager.o
    0x00009e88   0x00009e88   0x000001c0   Code   RO         2304    i.pm_init           peer_manager.o
    0x0000a048   0x0000a048   0x00000028   Code   RO         2307    i.pm_next_peer_id_get  peer_manager.o
    0x0000a070   0x0000a070   0x00000118   Code   RO         2308    i.pm_pdb_evt_handler  peer_manager.o
    0x0000a188   0x0000a188   0x00000012   Code   RO         2312    i.pm_peer_data_bonding_load  peer_manager.o
    0x0000a19a   0x0000a19a   0x00000002   PAD
    0x0000a19c   0x0000a19c   0x00000028   Code   RO         2315    i.pm_peer_data_load  peer_manager.o
    0x0000a1c4   0x0000a1c4   0x00000014   Code   RO         2319    i.pm_peer_delete    peer_manager.o
    0x0000a1d8   0x0000a1d8   0x00000110   Code   RO         2321    i.pm_peer_id_list   peer_manager.o
    0x0000a2e8   0x0000a2e8   0x0000011c   Code   RO         2323    i.pm_peer_rank_highest  peer_manager.o
    0x0000a404   0x0000a404   0x000000e8   Code   RO         2324    i.pm_peer_ranks_get  peer_manager.o
    0x0000a4ec   0x0000a4ec   0x00000094   Code   RO         2325    i.pm_peers_delete   peer_manager.o
    0x0000a580   0x0000a580   0x0000002c   Code   RO         2328    i.pm_register       peer_manager.o
    0x0000a5ac   0x0000a5ac   0x00000014   Code   RO         2330    i.pm_sec_params_set  peer_manager.o
    0x0000a5c0   0x0000a5c0   0x0000000a   Code   RO         2331    i.pm_sm_evt_handler  peer_manager.o
    0x0000a5ca   0x0000a5ca   0x00000002   PAD
    0x0000a5cc   0x0000a5cc   0x0000002c   Code   RO         2332    i.pm_whitelist_get  peer_manager.o
    0x0000a5f8   0x0000a5f8   0x00000014   Code   RO         2333    i.pm_whitelist_set  peer_manager.o
    0x0000a60c   0x0000a60c   0x00000034   Code   RO         3123    i.pnp_id_encode     ble_dis.o
    0x0000a640   0x0000a640   0x000000b4   Code   RO         3815    i.port_event_handle  nrfx_gpiote.o
    0x0000a6f4   0x0000a6f4   0x00000010   Code   RO         3816    i.port_handler_polarity_get  nrfx_gpiote.o
    0x0000a704   0x0000a704   0x0000003c   Code   RO         6957    i.postfix_process   nrf_log_str_formatter.o
    0x0000a740   0x0000a740   0x00000098   Code   RO         6958    i.prefix_process    nrf_log_str_formatter.o
    0x0000a7d8   0x0000a7d8   0x00000018   Code   RO         4079    i.prs_box_get       nrfx_prs.o
    0x0000a7f0   0x0000a7f0   0x0000001c   Code   RO         5329    i.queue_buf_get     fds.o
    0x0000a80c   0x0000a80c   0x00000010   Code   RO         5330    i.queue_buf_store   fds.o
    0x0000a81c   0x0000a81c   0x00000014   Code   RO         6138    i.queue_free        nrf_fstorage_sd.o
    0x0000a830   0x0000a830   0x000000a4   Code   RO         5331    i.queue_process     fds.o
    0x0000a8d4   0x0000a8d4   0x000000a0   Code   RO         6139    i.queue_process     nrf_fstorage_sd.o
    0x0000a974   0x0000a974   0x0000001c   Code   RO         5332    i.queue_start       fds.o
    0x0000a990   0x0000a990   0x00000024   Code   RO         6140    i.queue_start       nrf_fstorage_sd.o
    0x0000a9b4   0x0000a9b4   0x0000001c   Code   RO         2611    i.rank_highest      peer_manager_handler.o
    0x0000a9d0   0x0000a9d0   0x00000030   Code   RO         2334    i.rank_vars_update  peer_manager.o
    0x0000aa00   0x0000aa00   0x0000000e   Code   RO         6141    i.read              nrf_fstorage_sd.o
    0x0000aa0e   0x0000aa0e   0x00000002   PAD
    0x0000aa10   0x0000aa10   0x000000a8   Code   RO         2089    i.reattempt_previous_operations  peer_database.o
    0x0000aab8   0x0000aab8   0x00000090   Code   RO         5333    i.record_find       fds.o
    0x0000ab48   0x0000ab48   0x000000a0   Code   RO         5334    i.record_find_by_desc  fds.o
    0x0000abe8   0x0000abe8   0x0000005c   Code   RO         5335    i.record_find_next  fds.o
    0x0000ac44   0x0000ac44   0x0000003c   Code   RO         5336    i.record_header_flag_dirty  fds.o
    0x0000ac80   0x0000ac80   0x00000088   Code   RO         5337    i.records_stat      fds.o
    0x0000ad08   0x0000ad08   0x00000010   Code   RO         2210    i.release           peer_id.o
    0x0000ad18   0x0000ad18   0x0000009a   Code   RO         3179    i.rep_char_add      ble_hids.o
    0x0000adb2   0x0000adb2   0x000000be   Code   RO         3180    i.rep_map_char_add  ble_hids.o
    0x0000ae70   0x0000ae70   0x000000f2   Code   RO         3181    i.rep_value_identify  ble_hids.o
    0x0000af62   0x0000af62   0x00000004   Code   RO         6142    i.rmap              nrf_fstorage_sd.o
    0x0000af66   0x0000af66   0x00000002   PAD
    0x0000af68   0x0000af68   0x0000005c   Code   RO         4812    i.rtc_irq           app_timer2.o
    0x0000afc4   0x0000afc4   0x0000006c   Code   RO         4813    i.rtc_schedule      app_timer2.o
    0x0000b030   0x0000b030   0x0000008c   Code   RO         4814    i.rtc_update        app_timer2.o
    0x0000b0bc   0x0000b0bc   0x00000032   Code   RO         4150    i.rx_byte           nrfx_uart.o
    0x0000b0ee   0x0000b0ee   0x00000016   Code   RO         4151    i.rx_done_event     nrfx_uart.o
    0x0000b104   0x0000b104   0x00000016   Code   RO         4337    i.rx_done_event     nrfx_uarte.o
    0x0000b11a   0x0000b11a   0x00000020   Code   RO         4152    i.rx_enable         nrfx_uart.o
    0x0000b13a   0x0000b13a   0x00000002   PAD
    0x0000b13c   0x0000b13c   0x00000024   Code   RO         1411    i.sc_send_pending_handle  gatt_cache_manager.o
    0x0000b160   0x0000b160   0x00000008   Code   RO         4815    i.scheduled_timeout_handler  app_timer2.o
    0x0000b168   0x0000b168   0x00000058   Code   RO         3303    i.sd_state_evt_handler  nrf_drv_clock.o
    0x0000b1c0   0x0000b1c0   0x00000030   Code   RO         7379    i.sdh_request_observer_notify  nrf_sdh.o
    0x0000b1f0   0x0000b1f0   0x0000002c   Code   RO         7380    i.sdh_state_observer_notify  nrf_sdh.o
    0x0000b21c   0x0000b21c   0x000000d8   Code   RO         2755    i.sec_info_request_process  security_dispatcher.o
    0x0000b2f4   0x0000b2f4   0x000000f4   Code   RO         2756    i.sec_keyset_fill   security_dispatcher.o
    0x0000b3e8   0x0000b3e8   0x00000076   Code   RO         2896    i.sec_params_verify  security_manager.o
    0x0000b45e   0x0000b45e   0x00000002   PAD
    0x0000b460   0x0000b460   0x00000060   Code   RO         2757    i.sec_proc_start    security_dispatcher.o
    0x0000b4c0   0x0000b4c0   0x0000005c   Code   RO         2897    i.sec_req_process   security_manager.o
    0x0000b51c   0x0000b51c   0x00000022   Code   RO         2758    i.send_config_req   security_dispatcher.o
    0x0000b53e   0x0000b53e   0x00000002   PAD
    0x0000b540   0x0000b540   0x00000010   Code   RO         1074    i.send_error_evt    ble_conn_params.o
    0x0000b550   0x0000b550   0x00000080   Code   RO           26    i.send_key_scan_press_release  main.o
    0x0000b5d0   0x0000b5d0   0x00000028   Code   RO         1412    i.send_unexpected_error  gatt_cache_manager.o
    0x0000b5f8   0x0000b5f8   0x00000028   Code   RO         2759    i.send_unexpected_error  security_dispatcher.o
    0x0000b620   0x0000b620   0x0000001c   Code   RO         6568    i.sensorsim_decrement  sensorsim.o
    0x0000b63c   0x0000b63c   0x0000001c   Code   RO         6569    i.sensorsim_increment  sensorsim.o
    0x0000b658   0x0000b658   0x00000016   Code   RO         6570    i.sensorsim_init    sensorsim.o
    0x0000b66e   0x0000b66e   0x0000001a   Code   RO         6571    i.sensorsim_measure  sensorsim.o
    0x0000b688   0x0000b688   0x00000040   Code   RO         6662    i.serial_tx         nrf_log_backend_uart.o
    0x0000b6c8   0x0000b6c8   0x00000014   Code   RO         1413    i.service_changed_pending_flags_check  gatt_cache_manager.o
    0x0000b6dc   0x0000b6dc   0x00000094   Code   RO         1572    i.service_changed_pending_set  gatts_cache_manager.o
    0x0000b770   0x0000b770   0x00000168   Code   RO         1414    i.service_changed_send_in_evt  gatt_cache_manager.o
    0x0000b8d8   0x0000b8d8   0x00000088   Code   RO          879    i.service_data_encode  ble_advdata.o
    0x0000b960   0x0000b960   0x00000004   Code   RO           27    i.service_error_handler  main.o
    0x0000b964   0x0000b964   0x000000ac   Code   RO           28    i.services_init     main.o
    0x0000ba10   0x0000ba10   0x00000030   Code   RO         1341    i.set_security_req  ble_srv_common.o
    0x0000ba40   0x0000ba40   0x00000028   Code   RO           29    i.sleep_mode_enter  main.o
    0x0000ba68   0x0000ba68   0x0000002c   Code   RO         2898    i.sm_ble_evt_handler  security_manager.o
    0x0000ba94   0x0000ba94   0x000000a2   Code   RO         2900    i.sm_conn_sec_status_get  security_manager.o
    0x0000bb36   0x0000bb36   0x00000002   PAD
    0x0000bb38   0x0000bb38   0x00000058   Code   RO         2901    i.sm_init           security_manager.o
    0x0000bb90   0x0000bb90   0x0000000a   Code   RO         2903    i.sm_link_secure    security_manager.o
    0x0000bb9a   0x0000bb9a   0x00000002   PAD
    0x0000bb9c   0x0000bb9c   0x00000044   Code   RO         2904    i.sm_pdb_evt_handler  security_manager.o
    0x0000bbe0   0x0000bbe0   0x00000028   Code   RO         2905    i.sm_sec_is_sufficient  security_manager.o
    0x0000bc08   0x0000bc08   0x00000034   Code   RO         2907    i.sm_sec_params_set  security_manager.o
    0x0000bc3c   0x0000bc3c   0x0000002c   Code   RO         2908    i.sm_smd_evt_handler  security_manager.o
    0x0000bc68   0x0000bc68   0x000000f4   Code   RO         2760    i.smd_ble_evt_handler  security_dispatcher.o
    0x0000bd5c   0x0000bd5c   0x00000068   Code   RO         2762    i.smd_init          security_dispatcher.o
    0x0000bdc4   0x0000bdc4   0x00000028   Code   RO         2763    i.smd_link_secure   security_dispatcher.o
    0x0000bdec   0x0000bdec   0x000000ac   Code   RO         2764    i.smd_params_reply  security_dispatcher.o
    0x0000be98   0x0000be98   0x00000040   Code   RO         2909    i.smd_params_reply_perform  security_manager.o
    0x0000bed8   0x0000bed8   0x00000018   Code   RO         3304    i.soc_evt_handler   nrf_drv_clock.o
    0x0000bef0   0x0000bef0   0x00000040   Code   RO         7381    i.softdevice_evt_irq_disable  nrf_sdh.o
    0x0000bf30   0x0000bf30   0x00000058   Code   RO         7382    i.softdevices_evt_irq_enable  nrf_sdh.o
    0x0000bf88   0x0000bf88   0x0000000c   Code   RO         4816    i.sortlist_pop      app_timer2.o
    0x0000bf94   0x0000bf94   0x00000030   Code   RO         4486    i.state_set         app_button.o
    0x0000bfc4   0x0000bfc4   0x00000098   Code   RO         6787    i.std_n             nrf_log_frontend.o
    0x0000c05c   0x0000c05c   0x0000006c   Code   RO         1415    i.store_car_value   gatt_cache_manager.o
    0x0000c0c8   0x0000c0c8   0x00000042   Code   RO         3124    i.sys_id_encode     ble_dis.o
    0x0000c10a   0x0000c10a   0x00000002   PAD
    0x0000c10c   0x0000c10c   0x000000b0   Code   RO         4817    i.timer_expire      app_timer2.o
    0x0000c1bc   0x0000c1bc   0x00000080   Code   RO         4818    i.timer_req_process  app_timer2.o
    0x0000c23c   0x0000c23c   0x00000038   Code   RO         4819    i.timer_req_schedule  app_timer2.o
    0x0000c274   0x0000c274   0x00000018   Code   RO         4487    i.timer_start       app_button.o
    0x0000c28c   0x0000c28c   0x00000020   Code   RO         4153    i.tx_byte           nrfx_uart.o
    0x0000c2ac   0x0000c2ac   0x0000001a   Code   RO         4154    i.tx_done_event     nrfx_uart.o
    0x0000c2c6   0x0000c2c6   0x0000001a   Code   RO         4338    i.tx_done_event     nrfx_uarte.o
    0x0000c2e0   0x0000c2e0   0x00000070   Code   RO           30    i.uart_event_handle  main.o
    0x0000c350   0x0000c350   0x000000a4   Code   RO         4955    i.uart_event_handler  app_uart_fifo.o
    0x0000c3f4   0x0000c3f4   0x00000030   Code   RO         3442    i.uart_evt_handler  nrf_drv_uart.o
    0x0000c424   0x0000c424   0x0000000c   Code   RO         6663    i.uart_evt_handler  nrf_log_backend_uart.o
    0x0000c430   0x0000c430   0x00000050   Code   RO         6664    i.uart_init         nrf_log_backend_uart.o
    0x0000c480   0x0000c480   0x0000012a   Code   RO         4155    i.uart_irq_handler  nrfx_uart.o
    0x0000c5aa   0x0000c5aa   0x00000002   PAD
    0x0000c5ac   0x0000c5ac   0x00000030   Code   RO         3443    i.uarte_evt_handler  nrf_drv_uart.o
    0x0000c5dc   0x0000c5dc   0x00000112   Code   RO         4339    i.uarte_irq_handler  nrfx_uarte.o
    0x0000c6ee   0x0000c6ee   0x0000000a   Code   RO          880    i.uint16_encode     ble_advdata.o
    0x0000c6f8   0x0000c6f8   0x00000020   Code   RO         6143    i.uninit            nrf_fstorage_sd.o
    0x0000c718   0x0000c718   0x000000b4   Code   RO         6007    i.unsigned_print    nrf_fprintf_format.o
    0x0000c7cc   0x0000c7cc   0x00000030   Code   RO         1416    i.update_pending_flags_check  gatt_cache_manager.o
    0x0000c7fc   0x0000c7fc   0x00000068   Code   RO         1075    i.update_timeout_handler  ble_conn_params.o
    0x0000c864   0x0000c864   0x00000018   Code   RO          987    i.use_whitelist     ble_advertising.o
    0x0000c87c   0x0000c87c   0x0000000c   Code   RO         1162    i.user_flag_is_acquired  ble_conn_state.o
    0x0000c888   0x0000c888   0x00000024   Code   RO         1902    i.user_mem_reply    nrf_ble_qwr.o
    0x0000c8ac   0x0000c8ac   0x00000020   Code   RO         4488    i.usr_event         app_button.o
    0x0000c8cc   0x0000c8cc   0x00000030   Code   RO          881    i.uuid_list_encode  ble_advdata.o
    0x0000c8fc   0x0000c8fc   0x0000009e   Code   RO          882    i.uuid_list_sized_encode  ble_advdata.o
    0x0000c99a   0x0000c99a   0x0000003a   Code   RO          638    i.wakeup_button_cfg  bsp.o
    0x0000c9d4   0x0000c9d4   0x00000084   Code   RO           31    i.whitelist_set     main.o
    0x0000ca58   0x0000ca58   0x00000004   Code   RO         6144    i.wmap              nrf_fstorage_sd.o
    0x0000ca5c   0x0000ca5c   0x00000050   Code   RO         6145    i.write             nrf_fstorage_sd.o
    0x0000caac   0x0000caac   0x0000014c   Code   RO         2090    i.write_buf_store   peer_database.o
    0x0000cbf8   0x0000cbf8   0x00000034   Code   RO         2091    i.write_buffer_record_find  peer_database.o
    0x0000cc2c   0x0000cc2c   0x00000030   Code   RO         2092    i.write_buffer_record_find_next  peer_database.o
    0x0000cc5c   0x0000cc5c   0x0000001c   Code   RO         2093    i.write_buffer_record_invalidate  peer_database.o
    0x0000cc78   0x0000cc78   0x0000002c   Code   RO         2094    i.write_buffer_record_release  peer_database.o
    0x0000cca4   0x0000cca4   0x000000f4   Code   RO         5338    i.write_enqueue     fds.o
    0x0000cd98   0x0000cd98   0x000000f8   Code   RO         5339    i.write_execute     fds.o
    0x0000ce90   0x0000ce90   0x00000018   Code   RO         5340    i.write_space_free  fds.o
    0x0000cea8   0x0000cea8   0x00000060   Code   RO         5341    i.write_space_reserve  fds.o
    0x0000cf08   0x0000cf08   0x0000001c   Data   RO           34    .constdata          main.o
    0x0000cf24   0x0000cf24   0x00000008   Data   RO          525    .constdata          boards.o
    0x0000cf2c   0x0000cf2c   0x0000002c   Data   RO          640    .constdata          bsp.o
    0x0000cf58   0x0000cf58   0x0000006c   Data   RO         1417    .constdata          gatt_cache_manager.o
    0x0000cfc4   0x0000cfc4   0x00000004   Data   RO         1573    .constdata          gatts_cache_manager.o
    0x0000cfc8   0x0000cfc8   0x00000010   Data   RO         1574    .constdata          gatts_cache_manager.o
    0x0000cfd8   0x0000cfd8   0x00000004   Data   RO         1575    .constdata          gatts_cache_manager.o
    0x0000cfdc   0x0000cfdc   0x00000008   Data   RO         1682    .constdata          id_manager.o
    0x0000cfe4   0x0000cfe4   0x0000000e   Data   RO         1832    .constdata          nrf_ble_gatt.o
    0x0000cff2   0x0000cff2   0x00000002   PAD
    0x0000cff4   0x0000cff4   0x00000018   Data   RO         1959    .constdata          peer_data_storage.o
    0x0000d00c   0x0000d00c   0x00000010   Data   RO         2096    .constdata          peer_database.o
    0x0000d01c   0x0000d01c   0x0000002c   Data   RO         2336    .constdata          peer_manager.o
    0x0000d048   0x0000d048   0x00000014   Data   RO         2614    .constdata          peer_manager_handler.o
    0x0000d05c   0x0000d05c   0x00000078   Data   RO         2766    .constdata          security_dispatcher.o
    0x0000d0d4   0x0000d0d4   0x00000008   Data   RO         2910    .constdata          security_manager.o
    0x0000d0dc   0x0000d0dc   0x00000004   Data   RO         3818    .constdata          nrfx_gpiote.o
    0x0000d0e0   0x0000d0e0   0x00000004   Data   RO         4158    .constdata          nrfx_uart.o
    0x0000d0e4   0x0000d0e4   0x00000004   Data   RO         4342    .constdata          nrfx_uarte.o
    0x0000d0e8   0x0000d0e8   0x00000008   Data   RO         4490    .constdata          app_button.o
    0x0000d0f0   0x0000d0f0   0x00000014   Data   RO         4822    .constdata          app_timer2.o
    0x0000d104   0x0000d104   0x00000020   Data   RO         4957    .constdata          app_uart_fifo.o
    0x0000d124   0x0000d124   0x0000000c   PAD
    0x0000d130   0x0000d130   0x00000006   Data   RO         5143    .constdata          drv_rtc.o
    0x0000d136   0x0000d136   0x00000002   PAD
    0x0000d138   0x0000d138   0x00000018   Data   RO         5344    .constdata          fds.o
    0x0000d150   0x0000d150   0x00000010   Data   RO         6008    .constdata          nrf_fprintf_format.o
    0x0000d160   0x0000d160   0x0000005e   Data   RO         6054    .constdata          nrf_fstorage.o
    0x0000d1be   0x0000d1be   0x00000002   PAD
    0x0000d1c0   0x0000d1c0   0x00000010   Data   RO         6148    .constdata          nrf_fstorage_sd.o
    0x0000d1d0   0x0000d1d0   0x00000020   Data   RO         6149    .constdata          nrf_fstorage_sd.o
    0x0000d1f0   0x0000d1f0   0x00000018   Data   RO         6327    .constdata          nrf_pwr_mgmt.o
    0x0000d208   0x0000d208   0x0000000c   Data   RO         6328    .constdata          nrf_pwr_mgmt.o
    0x0000d214   0x0000d214   0x0000013c   Data   RO         6540    .constdata          nrf_strerror.o
    0x0000d350   0x0000d350   0x0000000c   Data   RO         6666    .constdata          nrf_log_backend_uart.o
    0x0000d35c   0x0000d35c   0x00000020   Data   RO         6667    .constdata          nrf_log_backend_uart.o
    0x0000d37c   0x0000d37c   0x0000000c   Data   RO         6792    .constdata          nrf_log_frontend.o
    0x0000d388   0x0000d388   0x00000010   Data   RO         7383    .constdata          nrf_sdh.o
    0x0000d398   0x0000d398   0x00000028   Data   RO         7384    .constdata          nrf_sdh.o
    0x0000d3c0   0x0000d3c0   0x00000010   Data   RO         7385    .constdata          nrf_sdh.o
    0x0000d3d0   0x0000d3d0   0x00000010   Data   RO         7386    .constdata          nrf_sdh.o
    0x0000d3e0   0x0000d3e0   0x00000020   Data   RO         7498    .constdata          nrf_sdh_ble.o
    0x0000d400   0x0000d400   0x00000010   Data   RO         7499    .constdata          nrf_sdh_ble.o
    0x0000d410   0x0000d410   0x00000010   Data   RO         7549    .constdata          nrf_sdh_soc.o
    0x0000d420   0x0000d420   0x0000000c   Data   RO         7550    .constdata          nrf_sdh_soc.o
    0x0000d42c   0x0000d42c   0x00000081   Data   RO         7692    .constdata          mc_w.l(ctype_o.o)
    0x0000d4ad   0x0000d4ad   0x00000003   PAD
    0x0000d4b0   0x0000d4b0   0x00000004   Data   RO         7693    .constdata          mc_w.l(ctype_o.o)
    0x0000d4b4   0x0000d4b4   0x000001a4   Data   RO         1418    .conststring        gatt_cache_manager.o
    0x0000d658   0x0000d658   0x0000019c   Data   RO         1576    .conststring        gatts_cache_manager.o
    0x0000d7f4   0x0000d7f4   0x000000f0   Data   RO         1683    .conststring        id_manager.o
    0x0000d8e4   0x0000d8e4   0x000000e8   Data   RO         1960    .conststring        peer_data_storage.o
    0x0000d9cc   0x0000d9cc   0x00000180   Data   RO         2097    .conststring        peer_database.o
    0x0000db4c   0x0000db4c   0x00000090   Data   RO         2337    .conststring        peer_manager.o
    0x0000dbdc   0x0000dbdc   0x0000030f   Data   RO         2615    .conststring        peer_manager_handler.o
    0x0000deeb   0x0000deeb   0x00000001   PAD
    0x0000deec   0x0000deec   0x000002b2   Data   RO         2767    .conststring        security_dispatcher.o
    0x0000e19e   0x0000e19e   0x00000002   PAD
    0x0000e1a0   0x0000e1a0   0x0000017b   Data   RO         2911    .conststring        security_manager.o
    0x0000e31b   0x0000e31b   0x00000001   PAD
    0x0000e31c   0x0000e31c   0x0000004f   Data   RO         6055    .conststring        nrf_fstorage.o
    0x0000e36b   0x0000e36b   0x00000001   PAD
    0x0000e36c   0x0000e36c   0x000003eb   Data   RO         6541    .conststring        nrf_strerror.o
    0x0000e757   0x0000e757   0x00000001   PAD
    0x0000e758   0x0000e758   0x00000066   Data   RO         6959    .conststring        nrf_log_str_formatter.o
    0x0000e7be   0x0000e7be   0x00000002   PAD
    0x0000e7c0   0x0000e7c0   0x00000188   Data   RO         7500    .conststring        nrf_sdh_ble.o
    0x0000e948   0x0000e948   0x00000011   Data   RO         1419    .conststrlit        gatt_cache_manager.o
    0x0000e959   0x0000e959   0x00000003   PAD
    0x0000e95c   0x0000e95c   0x00000012   Data   RO         1577    .conststrlit        gatts_cache_manager.o
    0x0000e96e   0x0000e96e   0x00000002   PAD
    0x0000e970   0x0000e970   0x00000010   Data   RO         1684    .conststrlit        id_manager.o
    0x0000e980   0x0000e980   0x0000000d   Data   RO         1833    .conststrlit        nrf_ble_gatt.o
    0x0000e98d   0x0000e98d   0x00000003   PAD
    0x0000e990   0x0000e990   0x00000011   Data   RO         1961    .conststrlit        peer_data_storage.o
    0x0000e9a1   0x0000e9a1   0x00000003   PAD
    0x0000e9a4   0x0000e9a4   0x00000011   Data   RO         2098    .conststrlit        peer_database.o
    0x0000e9b5   0x0000e9b5   0x00000003   PAD
    0x0000e9b8   0x0000e9b8   0x0000000d   Data   RO         2338    .conststrlit        peer_manager.o
    0x0000e9c5   0x0000e9c5   0x00000003   PAD
    0x0000e9c8   0x0000e9c8   0x00000015   Data   RO         2618    .conststrlit        peer_manager_handler.o
    0x0000e9dd   0x0000e9dd   0x00000003   PAD
    0x0000e9e0   0x0000e9e0   0x00000011   Data   RO         2768    .conststrlit        security_dispatcher.o
    0x0000e9f1   0x0000e9f1   0x00000003   PAD
    0x0000e9f4   0x0000e9f4   0x00000010   Data   RO         2912    .conststrlit        security_manager.o
    0x0000ea04   0x0000ea04   0x00000008   Data   RO         3067    .conststrlit        ble_bas.o
    0x0000ea0c   0x0000ea0c   0x00000006   Data   RO         3310    .conststrlit        nrf_drv_clock.o
    0x0000ea12   0x0000ea12   0x00000002   PAD
    0x0000ea14   0x0000ea14   0x00000006   Data   RO         3649    .conststrlit        nrfx_clock.o
    0x0000ea1a   0x0000ea1a   0x00000002   PAD
    0x0000ea1c   0x0000ea1c   0x00000007   Data   RO         3822    .conststrlit        nrfx_gpiote.o
    0x0000ea23   0x0000ea23   0x00000001   PAD
    0x0000ea24   0x0000ea24   0x00000004   Data   RO         4081    .conststrlit        nrfx_prs.o
    0x0000ea28   0x0000ea28   0x00000005   Data   RO         4161    .conststrlit        nrfx_uart.o
    0x0000ea2d   0x0000ea2d   0x00000003   PAD
    0x0000ea30   0x0000ea30   0x00000006   Data   RO         4345    .conststrlit        nrfx_uarte.o
    0x0000ea36   0x0000ea36   0x00000002   PAD
    0x0000ea38   0x0000ea38   0x0000000b   Data   RO         4491    .conststrlit        app_button.o
    0x0000ea43   0x0000ea43   0x00000001   PAD
    0x0000ea44   0x0000ea44   0x0000000a   Data   RO         4823    .conststrlit        app_timer2.o
    0x0000ea4e   0x0000ea4e   0x00000002   PAD
    0x0000ea50   0x0000ea50   0x0000000d   Data   RO         6056    .conststrlit        nrf_fstorage.o
    0x0000ea5d   0x0000ea5d   0x00000003   PAD
    0x0000ea60   0x0000ea60   0x00000009   Data   RO         6329    .conststrlit        nrf_pwr_mgmt.o
    0x0000ea69   0x0000ea69   0x00000003   PAD
    0x0000ea6c   0x0000ea6c   0x00000009   Data   RO         6487    .conststrlit        nrf_sortlist.o
    0x0000ea75   0x0000ea75   0x00000003   PAD
    0x0000ea78   0x0000ea78   0x00000011   Data   RO         6726    .conststrlit        nrf_log_default_backends.o
    0x0000ea89   0x0000ea89   0x00000003   PAD
    0x0000ea8c   0x0000ea8c   0x00000004   Data   RO         6793    .conststrlit        nrf_log_frontend.o
    0x0000ea90   0x0000ea90   0x00000008   Data   RO         7387    .conststrlit        nrf_sdh.o
    0x0000ea98   0x0000ea98   0x0000000c   Data   RO         7501    .conststrlit        nrf_sdh_ble.o
    0x0000eaa4   0x0000eaa4   0x0000000c   Data   RO         7551    .conststrlit        nrf_sdh_soc.o
    0x0000eab0   0x0000eab0   0x00000040   Data   RO         7755    Region$$Table       anon$$obj.o
    0x0000eaf0   0x0000eaf0   0x00000010   Data   RO         6728    log_backends        nrf_log_default_backends.o
    0x0000eb00   0x0000eb00   0x00000008   Data   RO         1421    log_const_data      gatt_cache_manager.o
    0x0000eb08   0x0000eb08   0x00000008   Data   RO         1579    log_const_data      gatts_cache_manager.o
    0x0000eb10   0x0000eb10   0x00000008   Data   RO         1686    log_const_data      id_manager.o
    0x0000eb18   0x0000eb18   0x00000008   Data   RO         1834    log_const_data      nrf_ble_gatt.o
    0x0000eb20   0x0000eb20   0x00000008   Data   RO         1963    log_const_data      peer_data_storage.o
    0x0000eb28   0x0000eb28   0x00000008   Data   RO         2100    log_const_data      peer_database.o
    0x0000eb30   0x0000eb30   0x00000008   Data   RO         2340    log_const_data      peer_manager.o
    0x0000eb38   0x0000eb38   0x00000008   Data   RO         2621    log_const_data      peer_manager_handler.o
    0x0000eb40   0x0000eb40   0x00000008   Data   RO         2770    log_const_data      security_dispatcher.o
    0x0000eb48   0x0000eb48   0x00000008   Data   RO         2914    log_const_data      security_manager.o
    0x0000eb50   0x0000eb50   0x00000008   Data   RO         3068    log_const_data      ble_bas.o
    0x0000eb58   0x0000eb58   0x00000008   Data   RO         3311    log_const_data      nrf_drv_clock.o
    0x0000eb60   0x0000eb60   0x00000008   Data   RO         3651    log_const_data      nrfx_clock.o
    0x0000eb68   0x0000eb68   0x00000008   Data   RO         3823    log_const_data      nrfx_gpiote.o
    0x0000eb70   0x0000eb70   0x00000008   Data   RO         4083    log_const_data      nrfx_prs.o
    0x0000eb78   0x0000eb78   0x00000008   Data   RO         4162    log_const_data      nrfx_uart.o
    0x0000eb80   0x0000eb80   0x00000008   Data   RO         4346    log_const_data      nrfx_uarte.o
    0x0000eb88   0x0000eb88   0x00000008   Data   RO         4494    log_const_data      app_button.o
    0x0000eb90   0x0000eb90   0x00000008   Data   RO         4826    log_const_data      app_timer2.o
    0x0000eb98   0x0000eb98   0x00000008   Data   RO         6057    log_const_data      nrf_fstorage.o
    0x0000eba0   0x0000eba0   0x00000008   Data   RO         6331    log_const_data      nrf_pwr_mgmt.o
    0x0000eba8   0x0000eba8   0x00000008   Data   RO         6488    log_const_data      nrf_sortlist.o
    0x0000ebb0   0x0000ebb0   0x00000008   Data   RO         6797    log_const_data      nrf_log_frontend.o
    0x0000ebb8   0x0000ebb8   0x00000008   Data   RO         7389    log_const_data      nrf_sdh.o
    0x0000ebc0   0x0000ebc0   0x00000008   Data   RO         7503    log_const_data      nrf_sdh_ble.o
    0x0000ebc8   0x0000ebc8   0x00000008   Data   RO         7552    log_const_data      nrf_sdh_soc.o
    0x0000ebd0   0x0000ebd0   0x00000014   Data   RO         6798    nrf_balloc          nrf_log_frontend.o
    0x0000ebe4   0x0000ebe4   0x00000008   Data   RO         1164    sdh_ble_observers0  ble_conn_state.o
    0x0000ebec   0x0000ebec   0x00000010   Data   RO           38    sdh_ble_observers1  main.o
    0x0000ebfc   0x0000ebfc   0x00000008   Data   RO          746    sdh_ble_observers1  bsp_btn_ble.o
    0x0000ec04   0x0000ec04   0x00000008   Data   RO         1078    sdh_ble_observers1  ble_conn_params.o
    0x0000ec0c   0x0000ec0c   0x00000008   Data   RO         2341    sdh_ble_observers1  peer_manager.o
    0x0000ec14   0x0000ec14   0x00000018   Data   RO           39    sdh_ble_observers2  main.o
    0x0000ec2c   0x0000ec2c   0x00000008   Data   RO           40    sdh_ble_observers3  main.o
    0x0000ec34   0x0000ec34   0x00000008   Data   RO         6151    sdh_req_observers0  nrf_fstorage_sd.o
    0x0000ec3c   0x0000ec3c   0x00000008   Data   RO         3312    sdh_soc_observers0  nrf_drv_clock.o
    0x0000ec44   0x0000ec44   0x00000008   Data   RO         6152    sdh_soc_observers0  nrf_fstorage_sd.o
    0x0000ec4c   0x0000ec4c   0x00000008   Data   RO         7504    sdh_stack_observers0  nrf_sdh_ble.o
    0x0000ec54   0x0000ec54   0x00000008   Data   RO         7553    sdh_stack_observers0  nrf_sdh_soc.o
    0x0000ec5c   0x0000ec5c   0x00000008   Data   RO         3313    sdh_state_observers0  nrf_drv_clock.o
    0x0000ec64   0x0000ec64   0x00000008   Data   RO         6153    sdh_state_observers0  nrf_fstorage_sd.o


    Execution Region RW_IRAM2 (Exec base: 0x00800000, Load base: 0x0000ed48, Size: 0x00000f30, Max: 0x00006000, ABSOLUTE, COMPRESSED[0x0000004c])

    Exec Addr    Load Addr    Size         Type   Attr      Idx    E Section Name        Object

    0x00800000   COMPRESSED   0x00000020   Data   RW           35    .data               main.o
    0x00800020   COMPRESSED   0x00000008   Data   RW           36    .data               main.o
    0x00800028   COMPRESSED   0x00000010   Data   RW          641    .data               bsp.o
    0x00800038   COMPRESSED   0x00000020   Data   RW          643    .data               bsp.o
    0x00800058   COMPRESSED   0x00000008   Data   RW          745    .data               bsp_btn_ble.o
    0x00800060   COMPRESSED   0x00000010   Data   RW         1420    .data               gatt_cache_manager.o
    0x00800070   COMPRESSED   0x0000000c   Data   RW         1962    .data               peer_data_storage.o
    0x0080007c   COMPRESSED   0x00000008   Data   RW         2099    .data               peer_database.o
    0x00800084   COMPRESSED   0x00000005   Data   RW         2769    .data               security_dispatcher.o
    0x00800089   COMPRESSED   0x00000003   PAD
    0x0080008c   COMPRESSED   0x0000000c   Data   RW         3444    .data               nrf_drv_uart.o
    0x00800098   COMPRESSED   0x00000008   Data   RW         4082    .data               nrfx_prs.o
    0x008000a0   COMPRESSED   0x00000018   Data   RW         4492    .data               app_button.o
    0x008000b8   COMPRESSED   0x00000020   Data   RW         4493    .data               app_button.o
    0x008000d8   COMPRESSED   0x0000000c   Data   RW         5144    .data               drv_rtc.o
    0x008000e4   COMPRESSED   0x00000008   Data   RW         6330    .data               nrf_pwr_mgmt.o
    0x008000ec   COMPRESSED   0x00000004   Data   RW         6794    .data               nrf_log_frontend.o
    0x008000f0   COMPRESSED   0x00000008   Data   RW         6795    .data               nrf_log_frontend.o
    0x008000f8   COMPRESSED   0x00000040   Data   RW         6960    .data               nrf_log_str_formatter.o
    0x00800138   COMPRESSED   0x00000003   Data   RW         7388    .data               nrf_sdh.o
    0x0080013b   COMPRESSED   0x00000001   PAD
    0x0080013c        -       0x00000468   Zero   RW           32    .bss                main.o
    0x008005a4   COMPRESSED   0x00000004   PAD
    0x008005a8        -       0x00000050   Zero   RW         1076    .bss                ble_conn_params.o
    0x008005f8        -       0x0000007c   Zero   RW         1163    .bss                ble_conn_state.o
    0x00800674        -       0x00000180   Zero   RW         2095    .bss                peer_database.o
    0x008007f4        -       0x00000040   Zero   RW         2211    .bss                peer_id.o
    0x00800834        -       0x00000040   Zero   RW         2765    .bss                security_dispatcher.o
    0x00800874        -       0x00000014   Zero   RW         3305    .bss                nrf_drv_clock.o
    0x00800888        -       0x0000005c   Zero   RW         3817    .bss                nrfx_gpiote.o
    0x008008e4        -       0x00000024   Zero   RW         4340    .bss                nrfx_uarte.o
    0x00800908        -       0x00000010   Zero   RW         4489    .bss                app_button.o
    0x00800918        -       0x00000010   Zero   RW         4820    .bss                app_timer2.o
    0x00800928        -       0x00000020   Zero   RW         4956    .bss                app_uart_fifo.o
    0x00800948        -       0x000000e0   Zero   RW         5343    .bss                fds.o
    0x00800a28        -       0x00000010   Zero   RW         6146    .bss                nrf_fstorage_sd.o
    0x00800a38        -       0x000000c0   Zero   RW         6788    .bss                nrf_log_frontend.o
    0x00800af8        -       0x00000018   Zero   RW         6790    .bss                nrf_log_frontend.o
    0x00800b10        -       0x00000420   Zero   RW         6791    .bss                nrf_log_frontend.o


    Execution Region RW_IRAM1 (Exec base: 0x20000000, Load base: 0x0000ec6c, Size: 0x00000f30, Max: 0x00006000, ABSOLUTE, COMPRESSED[0x000000dc])

    Exec Addr    Load Addr    Size         Type   Attr      Idx    E Section Name        Object

    0x20000000   COMPRESSED   0x00000218   Data   RW           37    .data               main.o
    0x20000218   COMPRESSED   0x00000020   Data   RW          642    .data               bsp.o
    0x20000238   COMPRESSED   0x00000020   Data   RW          644    .data               bsp.o
    0x20000258   COMPRESSED   0x00000008   Data   RW         1077    .data               ble_conn_params.o
    0x20000260   COMPRESSED   0x0000000c   Data   RW         1578    .data               gatts_cache_manager.o
    0x2000026c   COMPRESSED   0x00000001   Data   RW         1685    .data               id_manager.o
    0x2000026d   COMPRESSED   0x00000003   PAD
    0x20000270   COMPRESSED   0x00000010   Data   RW         2339    .data               peer_manager.o
    0x20000280   COMPRESSED   0x00000060   Data   RW         2619    .data               peer_manager_handler.o
    0x200002e0   COMPRESSED   0x00000015   Data   RW         2913    .data               security_manager.o
    0x200002f5   COMPRESSED   0x00000001   PAD
    0x200002f6   COMPRESSED   0x0000004a   Data   RW         3125    .data               ble_dis.o
    0x20000340   COMPRESSED   0x00000008   Data   RW         3650    .data               nrfx_clock.o
    0x20000348   COMPRESSED   0x00000010   Data   RW         4757    .data               app_scheduler.o
    0x20000358   COMPRESSED   0x00000020   Data   RW         4824    .data               app_timer2.o
    0x20000378   COMPRESSED   0x00000004   Data   RW         4825    .data               app_timer2.o
    0x2000037c   COMPRESSED   0x0000001c   Data   RW         4958    .data               app_uart_fifo.o
    0x20000398   COMPRESSED   0x00000030   Data   RW         5345    .data               fds.o
    0x200003c8   COMPRESSED   0x00000008   Data   RW         6150    .data               nrf_fstorage_sd.o
    0x200003d0   COMPRESSED   0x00000018   Data   RW         6668    .data               nrf_log_backend_uart.o
    0x200003e8   COMPRESSED   0x00000008   Data   RW         6727    .data               nrf_log_default_backends.o
    0x200003f0   COMPRESSED   0x00000008   Data   RW         6796    .data               nrf_log_frontend.o
    0x200003f8   COMPRESSED   0x00000001   Data   RW         7502    .data               nrf_sdh_ble.o
    0x200003f9   COMPRESSED   0x00000003   PAD
    0x200003fc   COMPRESSED   0x00000004   Data   RW         7599    .data               system_nrf52.o
    0x20000400   COMPRESSED   0x00000014   Data   RW         5346    fs_data             fds.o
    0x20000414        -       0x00000020   Zero   RW           33    .bss                main.o
    0x20000434        -       0x0000000c   Zero   RW          639    .bss                bsp.o
    0x20000440        -       0x000000d8   Zero   RW         1681    .bss                id_manager.o
    0x20000518        -       0x0000000c   Zero   RW         2335    .bss                peer_manager.o
    0x20000524        -       0x0000002c   Zero   RW         4156    .bss                nrfx_uart.o
    0x20000550        -       0x00000058   Zero   RW         4821    .bss                app_timer2.o
    0x200005a8        -       0x0000000c   Zero   RW         5031    .bss                app_util_platform.o
    0x200005b4        -       0x00000010   Zero   RW         5342    .bss                fds.o
    0x200005c4        -       0x000000a0   Zero   RW         6147    .bss                nrf_fstorage_sd.o
    0x20000664        -       0x0000000c   Zero   RW         6326    .bss                nrf_pwr_mgmt.o
    0x20000670        -       0x00000040   Zero   RW         6665    .bss                nrf_log_backend_uart.o
    0x200006b0        -       0x00000080   Zero   RW         6789    .bss                nrf_log_frontend.o
    0x20000730        -       0x00000800   Zero   RW         7580    STACK               arm_startup_nrf52810.o


==============================================================================

Image component sizes


      Code (inc. data)   RO Data    RW Data    ZI Data      Debug   Object Name

       664         66         27         56         16      17214   app_button.o
        22          0          0          0          0       2469   app_error.o
       132         46          0          0          0      34113   app_error_weak.o
       118          0          0          0          0       4718   app_fifo.o
       268         16          0         16          0      41761   app_scheduler.o
      1084         92         38         36        104      17149   app_timer2.o
       444         46         32         28         32      14863   app_uart_fifo.o
       124         14          0          0         12      10522   app_util_platform.o
        84         22        512          0       2048        892   arm_startup_nrf52810.o
      1338          0          0          0          0      52796   ble_advdata.o
      1092          6          0          0          0      11999   ble_advertising.o
       502          0         16          0          0       6199   ble_bas.o
       636         44          8          8         80       8903   ble_conn_params.o
       766         62          8          0        124      16037   ble_conn_state.o
       530         10          0         74          0       5351   ble_dis.o
      3258          0          0          0          0      24191   ble_hids.o
        72          0          0          0          0       1580   ble_link_ctx_manager.o
       656          6          0          0          0       5540   ble_srv_common.o
       358         40          8          0          0      13731   boards.o
       998         84         44        112         12      15287   bsp.o
       252         10          8          8          0       4560   bsp_btn_ble.o
       704         76          6         12          0      47669   drv_rtc.o
      3876        350         24         68        240      48110   fds.o
      2160        552        553         16          0      32899   gatt_cache_manager.o
       842        138        462         12          0      16483   gatts_cache_manager.o
      1546         70        272          1        216      18834   id_manager.o
      3332        676         76        576       1160     216204   main.o
       342          0          0          0          0       6314   nrf_atfifo.o
       170          0          0          0          0       4524   nrf_atflags.o
       332          0          0          0          0       9446   nrf_atomic.o
       164          0          0          0          0       3448   nrf_balloc.o
       608        186         35          0          0       7351   nrf_ble_gatt.o
       276          0          0          0          0       4477   nrf_ble_qwr.o
       312         36         30          0         20      43232   nrf_drv_clock.o
       200         26          0         12          0      17588   nrf_drv_uart.o
        50          0          0          0          0       3453   nrf_fprintf.o
       866          4         16          0          0       6330   nrf_fprintf_format.o
       972        432        194          0          0       7720   nrf_fstorage.o
       798         82         72          8        176      15147   nrf_fstorage_sd.o
       194          0          0          0          0      11561   nrf_log_backend_serial.o
       232         44         44         24         64       9558   nrf_log_backend_uart.o
        28          4         33          8          0       3281   nrf_log_default_backends.o
      1518        128         44         20       1400      30979   nrf_log_frontend.o
       570        108        102         64          0       5424   nrf_log_str_formatter.o
       346          0          0          0          0       9135   nrf_memobj.o
        60         12         53          8         12       4031   nrf_pwr_mgmt.o
        28          0          0          0          0       2303   nrf_ringbuf.o
       592         66        104          3          0      45443   nrf_sdh.o
       664        232        468          1          0       5609   nrf_sdh_ble.o
        60          4         56          0          0       2396   nrf_sdh_soc.o
        78          0          0          0          0       2596   nrf_section_iter.o
        84          0         17          0          0       3865   nrf_sortlist.o
        76         10       1319          0          0       2611   nrf_strerror.o
       242         32         14          8          0      46572   nrfx_clock.o
      1268        106         19          0         92      64613   nrfx_gpiote.o
       112         16         12          8          0       4248   nrfx_prs.o
      1578         48         17          0         44      31672   nrfx_uart.o
      1572         46         18          0         36      26679   nrfx_uarte.o
      1176        144        281         12          0      15811   peer_data_storage.o
      1434        260        425          8        384      18662   peer_database.o
       314         38          0          0         64       8523   peer_id.o
      2224        482        217         16         12      25991   peer_manager.o
      1928        882        832         96          0       9783   peer_manager_handler.o
       234          0          0          0          0       5171   pm_buffer.o
      1944        268        835          5         64      25999   security_dispatcher.o
      1372        122        411         21          0      49326   security_manager.o
       104          0          0          0          0       3187   sensorsim.o
       956        108          0          4          0      35321   system_nrf52.o

    ----------------------------------------------------------------------
     52028       6352       7900       1360       6416    1329454   Object Totals
         0          0         64          0          0          0   (incl. Generated)
        92          0         74         11          4          0   (incl. Padding)

    ----------------------------------------------------------------------

      Code (inc. data)   RO Data    RW Data    ZI Data      Debug   Library Member Name

        86          0          0          0          0          0   __dczerorl2.o
         8          4        133          0          0         68   ctype_o.o
         0          0          0          0          0          0   entry.o
         0          0          0          0          0          0   entry10a.o
         0          0          0          0          0          0   entry11a.o
         4          0          0          0          0          0   entry12b.o
         8          4          0          0          0          0   entry2.o
         4          0          0          0          0          0   entry5.o
         0          0          0          0          0          0   entry7b.o
         0          0          0          0          0          0   entry8b.o
         8          4          0          0          0          0   entry9a.o
        30          0          0          0          0          0   handlers.o
        36          8          0          0          0         68   init.o
        30          0          0          0          0         68   llshl.o
        32          0          0          0          0         68   llushr.o
        26          0          0          0          0         80   memcmp.o
        36          0          0          0          0         68   memcpya.o
        36          0          0          0          0        108   memseta.o
        14          0          0          0          0         68   strlen.o
        98          0          0          0          0         92   uldiv.o

    ----------------------------------------------------------------------
       460         20        136          0          0        688   Library Totals
         4          0          3          0          0          0   (incl. Padding)

    ----------------------------------------------------------------------

      Code (inc. data)   RO Data    RW Data    ZI Data      Debug   Library Name

       456         20        133          0          0        688   mc_w.l

    ----------------------------------------------------------------------
       460         20        136          0          0        688   Library Totals

    ----------------------------------------------------------------------

==============================================================================


      Code (inc. data)   RO Data    RW Data    ZI Data      Debug   

     52488       6372       8036       1360       6416    1297562   Grand Totals
     52488       6372       8036        296       6416    1297562   ELF Image Totals (compressed)
     52488       6372       8036        296          0          0   ROM Totals

==============================================================================

    Total RO  Size (Code + RO Data)                60524 (  59.11kB)
    Total RW  Size (RW Data + ZI Data)              7776 (   7.59kB)
    Total ROM Size (Code + RO Data + RW Data)      60820 (  59.39kB)

==============================================================================

